Archive member included to satisfy reference by file (symbol)

C:\Users\sumas\AppData\Local\Temp\VMBuilds\contiki\STM32_Nucleo_64\Release\core.a(startup_stm32yyxx.S.o)
                              (--whole-archive)
C:\Users\sumas\AppData\Local\Temp\VMBuilds\contiki\STM32_Nucleo_64\Release\core.a(board.c.o)
                              (--whole-archive)
C:\Users\sumas\AppData\Local\Temp\VMBuilds\contiki\STM32_Nucleo_64\Release\core.a(hooks.c.o)
                              (--whole-archive)
C:\Users\sumas\AppData\Local\Temp\VMBuilds\contiki\STM32_Nucleo_64\Release\core.a(itoa.c.o)
                              (--whole-archive)
C:\Users\sumas\AppData\Local\Temp\VMBuilds\contiki\STM32_Nucleo_64\Release\core.a(pins_arduino.c.o)
                              (--whole-archive)
C:\Users\sumas\AppData\Local\Temp\VMBuilds\contiki\STM32_Nucleo_64\Release\core.a(syscalls_stm32.c.o)
                              (--whole-archive)
C:\Users\sumas\AppData\Local\Temp\VMBuilds\contiki\STM32_Nucleo_64\Release\core.a(WInterrupts.c.o)
                              (--whole-archive)
C:\Users\sumas\AppData\Local\Temp\VMBuilds\contiki\STM32_Nucleo_64\Release\core.a(wiring_analog.c.o)
                              (--whole-archive)
C:\Users\sumas\AppData\Local\Temp\VMBuilds\contiki\STM32_Nucleo_64\Release\core.a(wiring_digital.c.o)
                              (--whole-archive)
C:\Users\sumas\AppData\Local\Temp\VMBuilds\contiki\STM32_Nucleo_64\Release\core.a(wiring_shift.c.o)
                              (--whole-archive)
C:\Users\sumas\AppData\Local\Temp\VMBuilds\contiki\STM32_Nucleo_64\Release\core.a(wiring_time.c.o)
                              (--whole-archive)
C:\Users\sumas\AppData\Local\Temp\VMBuilds\contiki\STM32_Nucleo_64\Release\core.a(dtostrf.c.o)
                              (--whole-archive)
C:\Users\sumas\AppData\Local\Temp\VMBuilds\contiki\STM32_Nucleo_64\Release\core.a(analog.c.o)
                              (--whole-archive)
C:\Users\sumas\AppData\Local\Temp\VMBuilds\contiki\STM32_Nucleo_64\Release\core.a(clock.c.o)
                              (--whole-archive)
C:\Users\sumas\AppData\Local\Temp\VMBuilds\contiki\STM32_Nucleo_64\Release\core.a(core_callback.c.o)
                              (--whole-archive)
C:\Users\sumas\AppData\Local\Temp\VMBuilds\contiki\STM32_Nucleo_64\Release\core.a(digital_io.c.o)
                              (--whole-archive)
C:\Users\sumas\AppData\Local\Temp\VMBuilds\contiki\STM32_Nucleo_64\Release\core.a(hal_uart_emul.c.o)
                              (--whole-archive)
C:\Users\sumas\AppData\Local\Temp\VMBuilds\contiki\STM32_Nucleo_64\Release\core.a(hw_config.c.o)
                              (--whole-archive)
C:\Users\sumas\AppData\Local\Temp\VMBuilds\contiki\STM32_Nucleo_64\Release\core.a(interrupt.c.o)
                              (--whole-archive)
C:\Users\sumas\AppData\Local\Temp\VMBuilds\contiki\STM32_Nucleo_64\Release\core.a(PinConfigured.c.o)
                              (--whole-archive)
C:\Users\sumas\AppData\Local\Temp\VMBuilds\contiki\STM32_Nucleo_64\Release\core.a(pinmap.c.o)
                              (--whole-archive)
C:\Users\sumas\AppData\Local\Temp\VMBuilds\contiki\STM32_Nucleo_64\Release\core.a(PortNames.c.o)
                              (--whole-archive)
C:\Users\sumas\AppData\Local\Temp\VMBuilds\contiki\STM32_Nucleo_64\Release\core.a(spi_com.c.o)
                              (--whole-archive)
C:\Users\sumas\AppData\Local\Temp\VMBuilds\contiki\STM32_Nucleo_64\Release\core.a(stm32_eeprom.c.o)
                              (--whole-archive)
C:\Users\sumas\AppData\Local\Temp\VMBuilds\contiki\STM32_Nucleo_64\Release\core.a(system_stm32yyxx.c.o)
                              (--whole-archive)
C:\Users\sumas\AppData\Local\Temp\VMBuilds\contiki\STM32_Nucleo_64\Release\core.a(timer.c.o)
                              (--whole-archive)
C:\Users\sumas\AppData\Local\Temp\VMBuilds\contiki\STM32_Nucleo_64\Release\core.a(twi.c.o)
                              (--whole-archive)
C:\Users\sumas\AppData\Local\Temp\VMBuilds\contiki\STM32_Nucleo_64\Release\core.a(uart.c.o)
                              (--whole-archive)
C:\Users\sumas\AppData\Local\Temp\VMBuilds\contiki\STM32_Nucleo_64\Release\core.a(uart_emul.c.o)
                              (--whole-archive)
C:\Users\sumas\AppData\Local\Temp\VMBuilds\contiki\STM32_Nucleo_64\Release\core.a(usbd_hid_composite.c.o)
                              (--whole-archive)
C:\Users\sumas\AppData\Local\Temp\VMBuilds\contiki\STM32_Nucleo_64\Release\core.a(usb_device_core.c.o)
                              (--whole-archive)
C:\Users\sumas\AppData\Local\Temp\VMBuilds\contiki\STM32_Nucleo_64\Release\core.a(usb_device_ctlreq.c.o)
                              (--whole-archive)
C:\Users\sumas\AppData\Local\Temp\VMBuilds\contiki\STM32_Nucleo_64\Release\core.a(usb_device_ioreq.c.o)
                              (--whole-archive)
C:\Users\sumas\AppData\Local\Temp\VMBuilds\contiki\STM32_Nucleo_64\Release\core.a(usb_interface.c.o)
[...]
Memory Configuration

Name             Origin             Length             Attributes
RAM              0x20000000         0x00005000         xrw
FLASH            0x08000000         0x00020000         xr
*default*        0x00000000         0xffffffff

Linker script and memory map

LOAD c:/users/sumas/appdata/local/arduino15/packages/stm32/tools/arm-none-eabi-gcc/6-2017-q2-update/bin/../lib/gcc/arm-none-eabi/6.3.1/thumb/v7-m/crti.o
LOAD c:/users/sumas/appdata/local/arduino15/packages/stm32/tools/arm-none-eabi-gcc/6-2017-q2-update/bin/../lib/gcc/arm-none-eabi/6.3.1/thumb/v7-m/crtbegin.o
LOAD c:/users/sumas/appdata/local/arduino15/packages/stm32/tools/arm-none-eabi-gcc/6-2017-q2-update/bin/../lib/gcc/arm-none-eabi/6.3.1/../../../../arm-none-eabi/lib/thumb/v7-m/crt0.o
START GROUP
LOAD C:\Users\sumas\AppData\Local\Temp\VMBuilds\contiki\STM32_Nucleo_64\Release\contiki.cpp.o
LOAD C:\Users\sumas\AppData\Local\Temp\VMBuilds\contiki\STM32_Nucleo_64\Release\apps\stm32\mqtt.cpp.o
LOAD C:\Users\sumas\AppData\Local\Temp\VMBuilds\contiki\STM32_Nucleo_64\Release\arg.cpp.o
LOAD C:\Users\sumas\AppData\Local\Temp\VMBuilds\contiki\STM32_Nucleo_64\Release\autostart.cpp.o
LOAD C:\Users\sumas\AppData\Local\Temp\VMBuilds\contiki\STM32_Nucleo_64\Release\cfs-coffee-arch.cpp.o
LOAD C:\Users\sumas\AppData\Local\Temp\VMBuilds\contiki\STM32_Nucleo_64\Release\clock.cpp.o
LOAD C:\Users\sumas\AppData\Local\Temp\VMBuilds\contiki\STM32_Nucleo_64\Release\ctimer.cpp.o
LOAD C:\Users\sumas\AppData\Local\Temp\VMBuilds\contiki\STM32_Nucleo_64\Release\etimer.cpp.o
LOAD C:\Users\sumas\AppData\Local\Temp\VMBuilds\contiki\STM32_Nucleo_64\Release\process.cpp.o
LOAD C:\Users\sumas\AppData\Local\Temp\VMBuilds\contiki\STM32_Nucleo_64\Release\procinit.cpp.o
LOAD C:\Users\sumas\AppData\Local\Temp\VMBuilds\contiki\STM32_Nucleo_64\Release\service.cpp.o
LOAD C:\Users\sumas\AppData\Local\Temp\VMBuilds\contiki\STM32_Nucleo_64\Release\timer.cpp.o
LOAD C:\Users\sumas\AppData\Local\Temp\VMBuilds\contiki\STM32_Nucleo_64\Release\uip_log.cpp.o
LOAD C:\Users\sumas\AppData\Local\Temp\VMBuilds\contiki\STM32_Nucleo_64\Release\board\stm32\enc28j60.cpp.o
LOAD C:\Users\sumas\AppData\Local\Temp\VMBuilds\contiki\STM32_Nucleo_64\Release\board\stm32\ethernet.cpp.o
LOAD C:\Users\sumas\AppData\Local\Temp\VMBuilds\contiki\STM32_Nucleo_64\Release\board\stm32\ethernet-drv.cpp.o
LOAD C:\Users\sumas\AppData\Local\Temp\VMBuilds\contiki\STM32_Nucleo_64\Release\cfs\cfs-coffee.cpp.o
LOAD C:\Users\sumas\AppData\Local\Temp\VMBuilds\contiki\STM32_Nucleo_64\Release\lib\assert.cpp.o
LOAD C:\Users\sumas\AppData\Local\Temp\VMBuilds\contiki\STM32_Nucleo_64\Release\lib\crc16.cpp.o
LOAD C:\Users\sumas\AppData\Local\Temp\VMBuilds\contiki\STM32_Nucleo_64\Release\lib\list.cpp.o
LOAD C:\Users\sumas\AppData\Local\Temp\VMBuilds\contiki\STM32_Nucleo_64\Release\lib\memb.cpp.o
LOAD C:\Users\sumas\AppData\Local\Temp\VMBuilds\contiki\STM32_Nucleo_64\Release\lib\mmem.cpp.o
LOAD C:\Users\sumas\AppData\Local\Temp\VMBuilds\contiki\STM32_Nucleo_64\Release\lib\random.cpp.o
LOAD C:\Users\sumas\AppData\Local\Temp\VMBuilds\contiki\STM32_Nucleo_64\Release\net\ip\ip64-addr.cpp.o
LOAD C:\Users\sumas\AppData\Local\Temp\VMBuilds\contiki\STM32_Nucleo_64\Release\net\ip\resolv.cpp.o
LOAD C:\Users\sumas\AppData\Local\Temp\VMBuilds\contiki\STM32_Nucleo_64\Release\net\ip\tcpip.cpp.o
LOAD C:\Users\sumas\AppData\Local\Temp\VMBuilds\contiki\STM32_Nucleo_64\Release\net\ip\tcp-socket.cpp.o
LOAD C:\Users\sumas\AppData\Local\Temp\VMBuilds\contiki\STM32_Nucleo_64\Release\net\ip\udp-socket.cpp.o
LOAD C:\Users\sumas\AppData\Local\Temp\VMBuilds\contiki\STM32_Nucleo_64\Release\net\ip\uip-debug.cpp.o
LOAD C:\Users\sumas\AppData\Local\Temp\VMBuilds\contiki\STM32_Nucleo_64\Release\net\ip\uiplib.cpp.o
LOAD C:\Users\sumas\AppData\Local\Temp\VMBuilds\contiki\STM32_Nucleo_64\Release\net\ip\uip-nameserver.cpp.o
LOAD C:\Users\sumas\AppData\Local\Temp\VMBuilds\contiki\STM32_Nucleo_64\Release\net\ip\uip-packetqueue.cpp.o
LOAD C:\Users\sumas\AppData\Local\Temp\VMBuilds\contiki\STM32_Nucleo_64\Release\net\ip\uip-udp-packet.cpp.o
LOAD C:\Users\sumas\AppData\Local\Temp\VMBuilds\contiki\STM32_Nucleo_64\Release\net\ipv4\uip.cpp.o
LOAD C:\Users\sumas\AppData\Local\Temp\VMBuilds\contiki\STM32_Nucleo_64\Release\net\ipv4\uip_arp.cpp.o
LOAD C:\Users\sumas\AppData\Local\Temp\VMBuilds\contiki\STM32_Nucleo_64\Release\net\ipv4\uip-neighbor.cpp.o
LOAD C:\Users\sumas\AppData\Local\Temp\VMBuilds\contiki\STM32_Nucleo_64\Release\net\linkaddr.cpp.o
LOAD C:\Users\sumas\AppData\Local\Temp\VMBuilds\contiki\STM32_Nucleo_64\Release\net\net-debug.cpp.o
LOAD C:\Users\sumas\AppData\Local\Temp\VMBuilds\contiki\STM32_Nucleo_64\Release\SPI\SPI.cpp.o
LOAD C:\Users\sumas\AppData\Local\Temp\VMBuilds\contiki\STM32_Nucleo_64\Release\variant\PeripheralPins.c.o
LOAD C:\Users\sumas\AppData\Local\Temp\VMBuilds\contiki\STM32_Nucleo_64\Release\variant\variant.cpp.o
LOAD C:\Users\sumas\AppData\Local\arduino15\packages\arduino\tools\CMSIS\4.5.0/CMSIS/Lib/GCC/\libarm_cortexM3l_math.a
LOAD C:\Users\sumas\AppData\Local\Temp\VMBuilds\contiki\STM32_Nucleo_64\Release\core.a
LOAD c:/users/sumas/appdata/local/arduino15/packages/stm32/tools/arm-none-eabi-gcc/6-2017-q2-update/bin/../lib/gcc/arm-none-eabi/6.3.1/../../../../arm-none-eabi/lib/thumb/v7-m\libc_nano.a
END GROUP
LOAD c:/users/sumas/appdata/local/arduino15/packages/stm32/tools/arm-none-eabi-gcc/6-2017-q2-update/bin/../lib/gcc/arm-none-eabi/6.3.1/../../../../arm-none-eabi/lib/thumb/v7-m\libm.a
LOAD c:/users/sumas/appdata/local/arduino15/packages/stm32/tools/arm-none-eabi-gcc/6-2017-q2-update/bin/../lib/gcc/arm-none-eabi/6.3.1/thumb/v7-m\libgcc.a
LOAD c:/users/sumas/appdata/local/arduino15/packages/stm32/tools/arm-none-eabi-gcc/6-2017-q2-update/bin/../lib/gcc/arm-none-eabi/6.3.1/../../../../arm-none-eabi/lib/thumb/v7-m\libstdc++_nano.a
START GROUP
LOAD c:/users/sumas/appdata/local/arduino15/packages/stm32/tools/arm-none-eabi-gcc/6-2017-q2-update/bin/../lib/gcc/arm-none-eabi/6.3.1/thumb/v7-m\libgcc.a
LOAD c:/users/sumas/appdata/local/arduino15/packages/stm32/tools/arm-none-eabi-gcc/6-2017-q2-update/bin/../lib/gcc/arm-none-eabi/6.3.1/../../../../arm-none-eabi/lib/thumb/v7-m\libc_nano.a
END GROUP
START GROUP
LOAD c:/users/sumas/appdata/local/arduino15/packages/stm32/tools/arm-none-eabi-gcc/6-2017-q2-update/bin/../lib/gcc/arm-none-eabi/6.3.1/thumb/v7-m\libgcc.a
LOAD c:/users/sumas/appdata/local/arduino15/packages/stm32/tools/arm-none-eabi-gcc/6-2017-q2-update/bin/../lib/gcc/arm-none-eabi/6.3.1/../../../../arm-none-eabi/lib/thumb/v7-m\libc_nano.a
END GROUP
LOAD c:/users/sumas/appdata/local/arduino15/packages/stm32/tools/arm-none-eabi-gcc/6-2017-q2-update/bin/../lib/gcc/arm-none-eabi/6.3.1/thumb/v7-m/crtend.o
LOAD c:/users/sumas/appdata/local/arduino15/packages/stm32/tools/arm-none-eabi-gcc/6-2017-q2-update/bin/../lib/gcc/arm-none-eabi/6.3.1/thumb/v7-m/crtn.o
                0x20005000                _estack = 0x20005000
                0x00000200                _Min_Heap_Size = 0x200
                0x00000400                _Min_Stack_Size = 0x400

.isr_vector     0x08000000      0x10c
                0x08000000                . = ALIGN (0x4)
 *(.isr_vector)
 .isr_vector    0x08000000      0x10c C:\Users\sumas\AppData\Local\Temp\VMBuilds\contiki\STM32_Nucleo_64\Release\core.a(startup_stm32yyxx.S.o)
                0x08000000                g_pfnVectors
                0x0800010c                . = ALIGN (0x4)

.text           0x0800010c     0x5a7c
                0x0800010c                . = ALIGN (0x4)
 *(.text)
 .text          0x0800010c       0x6c c:/users/sumas/appdata/local/arduino15/packages/stm32/tools/arm-none-eabi-gcc/6-2017-q2-update/bin/../lib/gcc/arm-none-eabi/6.3.1/thumb/v7-m/crtbegin.o
 .text          0x08000178       0x14 c:/users/sumas/appdata/local/arduino15/packages/stm32/tools/arm-none-eabi-gcc/6-2017-q2-update/bin/../lib/gcc/arm-none-eabi/6.3.1/../../../../arm-none-eabi/lib/thumb/v7-m\libc_nano.a(lib_a-strcmp.o)
                0x08000178                strcmp
 .text          0x0800018c       0x10 c:/users/sumas/appdata/local/arduino15/packages/stm32/tools/arm-none-eabi-gcc/6-2017-q2-update/bin/../lib/gcc/arm-none-eabi/6.3.1/../../../../arm-none-eabi/lib/thumb/v7-m\libc_nano.a(lib_a-strlen.o)
                0x0800018c                strlen
 .text          0x0800019c       0x18 c:/users/sumas/appdata/local/arduino15/packages/stm32/tools/arm-none-eabi-gcc/6-2017-q2-update/bin/../lib/gcc/arm-none-eabi/6.3.1/thumb/v7-m\libgcc.a(_lshrdi3.o)
                0x0800019c                __lshrdi3
                0x0800019c                __aeabi_llsr
 *(.text*)
 .text._ZL18coffee_test_appendv
                0x080001b4       0xe0 C:\Users\sumas\AppData\Local\Temp\VMBuilds\contiki\STM32_Nucleo_64\Release\contiki.cpp.o
 .text._ZL12print_resultPKci
                0x08000294       0x4c C:\Users\sumas\AppData\Local\Temp\VMBuilds\contiki\STM32_Nucleo_64\Release\contiki.cpp.o
 .text._ZL33process_thread_testcoffee_processP2pthPv
                0x080002e0      0x4c4 C:\Users\sumas\AppData\Local\Temp\VMBuilds\contiki\STM32_Nucleo_64\Release\contiki.cpp.o
 .text._Z5setupv
                0x080007a4       0x30 C:\Users\sumas\AppData\Local\Temp\VMBuilds\contiki\STM32_Nucleo_64\Release\contiki.cpp.o
                0x080007a4                setup()
 .text._Z4loopv
                0x080007d4        0x4 C:\Users\sumas\AppData\Local\Temp\VMBuilds\contiki\STM32_Nucleo_64\Release\contiki.cpp.o
                0x080007d4                loop()
 .text._Z15autostart_startPP7process
                0x080007d8       0x14 C:\Users\sumas\AppData\Local\Temp\VMBuilds\contiki\STM32_Nucleo_64\Release\autostart.cpp.o
                0x080007d8                autostart_start(process**)
 .text._Z16stm32_flash_readmPhm
                0x080007ec       0x12 C:\Users\sumas\AppData\Local\Temp\VMBuilds\contiki\STM32_Nucleo_64\Release\cfs-coffee-arch.cpp.o
                0x080007ec                stm32_flash_read(unsigned long, unsigned char*, unsigned long)
 .text._Z17stm32_flash_writemPhm
                0x080007fe       0x9c C:\Users\sumas\AppData\Local\Temp\VMBuilds\contiki\STM32_Nucleo_64\Release\cfs-coffee-arch.cpp.o
                0x080007fe                stm32_flash_write(unsigned long, unsigned char*, unsigned long)
 .text._Z17stm32_flash_erasem
                0x0800089a       0x5e C:\Users\sumas\AppData\Local\Temp\VMBuilds\contiki\STM32_Nucleo_64\Release\cfs-coffee-arch.cpp.o
                0x0800089a                stm32_flash_erase(unsigned long)
 .text.HAL_SYSTICK_Callback
                0x080008f8       0x4c C:\Users\sumas\AppData\Local\Temp\VMBuilds\contiki\STM32_Nucleo_64\Release\clock.cpp.o
                0x080008f8                HAL_SYSTICK_Callback
 .text._Z10clock_initv
                0x08000944       0x14 C:\Users\sumas\AppData\Local\Temp\VMBuilds\contiki\STM32_Nucleo_64\Release\clock.cpp.o
                0x08000944                clock_init()
 .text._Z10clock_timev
                0x08000958       0x10 C:\Users\sumas\AppData\Local\Temp\VMBuilds\contiki\STM32_Nucleo_64\Release\clock.cpp.o
                0x08000958                clock_time()
 .text._Z13clock_secondsv
                0x08000968       0x10 C:\Users\sumas\AppData\Local\Temp\VMBuilds\contiki\STM32_Nucleo_64\Release\clock.cpp.o
                0x08000968                clock_seconds()
 .text._ZL11update_timev
                0x08000978       0x3c C:\Users\sumas\AppData\Local\Temp\VMBuilds\contiki\STM32_Nucleo_64\Release\etimer.cpp.o
 .text._Z19etimer_request_pollv
                0x080009b4        0xc C:\Users\sumas\AppData\Local\Temp\VMBuilds\contiki\STM32_Nucleo_64\Release\etimer.cpp.o
                0x080009b4                etimer_request_poll()
 .text._ZL29process_thread_etimer_processP2pthPv
                0x080009c0       0xb0 C:\Users\sumas\AppData\Local\Temp\VMBuilds\contiki\STM32_Nucleo_64\Release\etimer.cpp.o
 .text._Z14etimer_pendingv
                0x08000a70       0x10 C:\Users\sumas\AppData\Local\Temp\VMBuilds\contiki\STM32_Nucleo_64\Release\etimer.cpp.o
                0x08000a70                etimer_pending()
 .text._Z27etimer_next_expiration_timev
                0x08000a80       0x14 C:\Users\sumas\AppData\Local\Temp\VMBuilds\contiki\STM32_Nucleo_64\Release\etimer.cpp.o
                0x08000a80                etimer_next_expiration_time()
 .text._ZL12call_processP7processhPv.part.0
                0x08000a94       0x30 C:\Users\sumas\AppData\Local\Temp\VMBuilds\contiki\STM32_Nucleo_64\Release\process.cpp.o
 .text._ZL12call_processP7processhPv
                0x08000ac4        0xe C:\Users\sumas\AppData\Local\Temp\VMBuilds\contiki\STM32_Nucleo_64\Release\process.cpp.o
 *fill*         0x08000ad2        0x2 
 .text._ZL12exit_processP7processS0_
                0x08000ad4       0xa8 C:\Users\sumas\AppData\Local\Temp\VMBuilds\contiki\STM32_Nucleo_64\Release\process.cpp.o
 .text._ZL7do_pollv
                0x08000b7c       0x30 C:\Users\sumas\AppData\Local\Temp\VMBuilds\contiki\STM32_Nucleo_64\Release\process.cpp.o
 .text._Z12process_initv
                0x08000bac       0x30 C:\Users\sumas\AppData\Local\Temp\VMBuilds\contiki\STM32_Nucleo_64\Release\process.cpp.o
                0x08000bac                process_init()
 .text._Z11process_runv
                0x08000bdc       0xa8 C:\Users\sumas\AppData\Local\Temp\VMBuilds\contiki\STM32_Nucleo_64\Release\process.cpp.o
                0x08000bdc                process_run()
 .text._Z12process_postP7processhPv
                0x08000c84       0x3c C:\Users\sumas\AppData\Local\Temp\VMBuilds\contiki\STM32_Nucleo_64\Release\process.cpp.o
                0x08000c84                process_post(process*, unsigned char, void*)
 .text._Z13process_startP7processPc
                0x08000cc0       0x30 C:\Users\sumas\AppData\Local\Temp\VMBuilds\contiki\STM32_Nucleo_64\Release\process.cpp.o
                0x08000cc0                process_start(process*, char*)
 .text._Z12process_pollP7process
                0x08000cf0       0x18 C:\Users\sumas\AppData\Local\Temp\VMBuilds\contiki\STM32_Nucleo_64\Release\process.cpp.o
                0x08000cf0                process_poll(process*)
 .text._Z13timer_expiredP5timer
                0x08000d08       0x18 C:\Users\sumas\AppData\Local\Temp\VMBuilds\contiki\STM32_Nucleo_64\Release\timer.cpp.o
                0x08000d08                timer_expired(timer*)
 .text._ZL9next_filemP11file_header
                0x08000d20       0x1a C:\Users\sumas\AppData\Local\Temp\VMBuilds\contiki\STM32_Nucleo_64\Release\cfs\cfs-coffee.cpp.o
 *fill*         0x08000d3a        0x2 
 .text._ZL9load_filemP11file_header
                0x08000d3c       0x4c C:\Users\sumas\AppData\Local\Temp\VMBuilds\contiki\STM32_Nucleo_64\Release\cfs\cfs-coffee.cpp.o
 .text._ZL11read_headerP11file_headerm
                0x08000d88       0x12 C:\Users\sumas\AppData\Local\Temp\VMBuilds\contiki\STM32_Nucleo_64\Release\cfs\cfs-coffee.cpp.o
 *fill*         0x08000d9a        0x2 
 .text._ZL9find_filePKc
                0x08000d9c       0x84 C:\Users\sumas\AppData\Local\Temp\VMBuilds\contiki\STM32_Nucleo_64\Release\cfs\cfs-coffee.cpp.o
 .text._ZL21find_contiguous_pagesm
                0x08000e20       0x64 C:\Users\sumas\AppData\Local\Temp\VMBuilds\contiki\STM32_Nucleo_64\Release\cfs\cfs-coffee.cpp.o
 .text._ZL8file_endm
                0x08000e84       0x52 C:\Users\sumas\AppData\Local\Temp\VMBuilds\contiki\STM32_Nucleo_64\Release\cfs\cfs-coffee.cpp.o
 .text._ZL12write_headerP11file_headerm
                0x08000ed6       0x1a C:\Users\sumas\AppData\Local\Temp\VMBuilds\contiki\STM32_Nucleo_64\Release\cfs\cfs-coffee.cpp.o
 .text._ZL14remove_by_pagemiii.isra.0
                0x08000ef0       0xac C:\Users\sumas\AppData\Local\Temp\VMBuilds\contiki\STM32_Nucleo_64\Release\cfs\cfs-coffee.cpp.o
 .text._ZL7reservePKcmij
                0x08000f9c      0x304 C:\Users\sumas\AppData\Local\Temp\VMBuilds\contiki\STM32_Nucleo_64\Release\cfs\cfs-coffee.cpp.o
 .text._ZL13read_log_pageP11file_headersP9log_param
                0x080012a0      0x126 C:\Users\sumas\AppData\Local\Temp\VMBuilds\contiki\STM32_Nucleo_64\Release\cfs\cfs-coffee.cpp.o
 *fill*         0x080013c6        0x2 
 .text._Z8cfs_openPKci
                0x080013c8       0xa4 C:\Users\sumas\AppData\Local\Temp\VMBuilds\contiki\STM32_Nucleo_64\Release\cfs\cfs-coffee.cpp.o
                0x080013c8                cfs_open(char const*, int)
 .text._Z9cfs_closei
                0x0800146c       0x24 C:\Users\sumas\AppData\Local\Temp\VMBuilds\contiki\STM32_Nucleo_64\Release\cfs\cfs-coffee.cpp.o
                0x0800146c                cfs_close(int)
 .text._Z8cfs_seekiii
                0x08001490       0x5c C:\Users\sumas\AppData\Local\Temp\VMBuilds\contiki\STM32_Nucleo_64\Release\cfs\cfs-coffee.cpp.o
                0x08001490                cfs_seek(int, int, int)
 .text._Z10cfs_removePKc
                0x080014ec       0x1c C:\Users\sumas\AppData\Local\Temp\VMBuilds\contiki\STM32_Nucleo_64\Release\cfs\cfs-coffee.cpp.o
                0x080014ec                cfs_remove(char const*)
 .text._Z8cfs_readiPvj
                0x08001508       0xe4 C:\Users\sumas\AppData\Local\Temp\VMBuilds\contiki\STM32_Nucleo_64\Release\cfs\cfs-coffee.cpp.o
                0x08001508                cfs_read(int, void*, unsigned int)
 .text._ZL9merge_logmi
                0x080015ec      0x118 C:\Users\sumas\AppData\Local\Temp\VMBuilds\contiki\STM32_Nucleo_64\Release\cfs\cfs-coffee.cpp.o
 .text._Z9cfs_writeiPKvj
                0x08001704      0x3b0 C:\Users\sumas\AppData\Local\Temp\VMBuilds\contiki\STM32_Nucleo_64\Release\cfs\cfs-coffee.cpp.o
                0x08001704                cfs_write(int, void const*, unsigned int)
 .text._Z18cfs_coffee_reservePKci
                0x08001ab4       0x1a C:\Users\sumas\AppData\Local\Temp\VMBuilds\contiki\STM32_Nucleo_64\Release\cfs\cfs-coffee.cpp.o
                0x08001ab4                cfs_coffee_reserve(char const*, int)
 .text._Z24cfs_coffee_configure_logPKcjj
                0x08001ace       0x4e C:\Users\sumas\AppData\Local\Temp\VMBuilds\contiki\STM32_Nucleo_64\Release\cfs\cfs-coffee.cpp.o
                0x08001ace                cfs_coffee_configure_log(char const*, unsigned int, unsigned int)
 .text._Z17cfs_coffee_formatv
                0x08001b1c       0x84 C:\Users\sumas\AppData\Local\Temp\VMBuilds\contiki\STM32_Nucleo_64\Release\cfs\cfs-coffee.cpp.o
                0x08001b1c                cfs_coffee_format()
 .text._Z11random_randv
                0x08001ba0        0xa C:\Users\sumas\AppData\Local\Temp\VMBuilds\contiki\STM32_Nucleo_64\Release\lib\random.cpp.o
                0x08001ba0                random_rand()
 *fill*         0x08001baa        0x2 
 .text._ZN8SPIClassC2Ev
                0x08001bac       0x4c C:\Users\sumas\AppData\Local\Temp\VMBuilds\contiki\STM32_Nucleo_64\Release\SPI\SPI.cpp.o
                0x08001bac                SPIClass::SPIClass()
                0x08001bac                SPIClass::SPIClass()
 .text.startup._GLOBAL__sub_I_SPI
                0x08001bf8        0xc C:\Users\sumas\AppData\Local\Temp\VMBuilds\contiki\STM32_Nucleo_64\Release\SPI\SPI.cpp.o
 .text.SystemClock_Config
                0x08001c04       0x82 C:\Users\sumas\AppData\Local\Temp\VMBuilds\contiki\STM32_Nucleo_64\Release\variant\variant.cpp.o
                0x08001c04                SystemClock_Config
 *fill*         0x08001c86        0x2 
 .text.Reset_Handler
                0x08001c88       0x48 C:\Users\sumas\AppData\Local\Temp\VMBuilds\contiki\STM32_Nucleo_64\Release\core.a(startup_stm32yyxx.S.o)
                0x08001c88                Reset_Handler
 .text.Default_Handler
                0x08001cd0        0x2 C:\Users\sumas\AppData\Local\Temp\VMBuilds\contiki\STM32_Nucleo_64\Release\core.a(startup_stm32yyxx.S.o)
                0x08001cd0                RTC_Alarm_IRQHandler
                0x08001cd0                TIM1_CC_IRQHandler
                0x08001cd0                PVD_IRQHandler
                0x08001cd0                PendSV_Handler
                0x08001cd0                ADC1_2_IRQHandler
                0x08001cd0                SPI1_IRQHandler
                0x08001cd0                TAMPER_IRQHandler
                0x08001cd0                DMA1_Channel4_IRQHandler
                0x08001cd0                RTC_IRQHandler
                0x08001cd0                DMA1_Channel7_IRQHandler
                0x08001cd0                CAN1_RX1_IRQHandler
                0x08001cd0                DMA1_Channel6_IRQHandler
                0x08001cd0                RCC_IRQHandler
                0x08001cd0                TIM1_TRG_COM_IRQHandler
                0x08001cd0                DMA1_Channel1_IRQHandler
                0x08001cd0                Default_Handler
                0x08001cd0                SPI2_IRQHandler
                0x08001cd0                SVC_Handler
                0x08001cd0                DMA1_Channel5_IRQHandler
                0x08001cd0                USB_LP_CAN1_RX0_IRQHandler
                0x08001cd0                USB_HP_CAN1_TX_IRQHandler
                0x08001cd0                DMA1_Channel3_IRQHandler
                0x08001cd0                WWDG_IRQHandler
                0x08001cd0                TIM1_BRK_IRQHandler
                0x08001cd0                DMA1_Channel2_IRQHandler
                0x08001cd0                CAN1_SCE_IRQHandler
                0x08001cd0                FLASH_IRQHandler
                0x08001cd0                USBWakeUp_IRQHandler
 .text.init     0x08001cd2        0x4 C:\Users\sumas\AppData\Local\Temp\VMBuilds\contiki\STM32_Nucleo_64\Release\core.a(board.c.o)
                0x08001cd2                init
 *fill*         0x08001cd6        0x2 
 .text._sbrk    0x08001cd8       0x1c C:\Users\sumas\AppData\Local\Temp\VMBuilds\contiki\STM32_Nucleo_64\Release\core.a(syscalls_stm32.c.o)
                0x08001cd8                _sbrk
 .text._close   0x08001cf4        0x6 C:\Users\sumas\AppData\Local\Temp\VMBuilds\contiki\STM32_Nucleo_64\Release\core.a(syscalls_stm32.c.o)
                0x08001cf4                _close
 .text._fstat   0x08001cfa        0xa C:\Users\sumas\AppData\Local\Temp\VMBuilds\contiki\STM32_Nucleo_64\Release\core.a(syscalls_stm32.c.o)
                0x08001cfa                _fstat
 .text._isatty  0x08001d04        0x4 C:\Users\sumas\AppData\Local\Temp\VMBuilds\contiki\STM32_Nucleo_64\Release\core.a(syscalls_stm32.c.o)
                0x08001d04                _isatty
 .text._lseek   0x08001d08        0x4 C:\Users\sumas\AppData\Local\Temp\VMBuilds\contiki\STM32_Nucleo_64\Release\core.a(syscalls_stm32.c.o)
                0x08001d08                _lseek
 .text._read    0x08001d0c        0x4 C:\Users\sumas\AppData\Local\Temp\VMBuilds\contiki\STM32_Nucleo_64\Release\core.a(syscalls_stm32.c.o)
                0x08001d0c                _read
 .text._write   0x08001d10       0x10 C:\Users\sumas\AppData\Local\Temp\VMBuilds\contiki\STM32_Nucleo_64\Release\core.a(syscalls_stm32.c.o)
                0x08001d10                _write
 .text._exit    0x08001d20       0x10 C:\Users\sumas\AppData\Local\Temp\VMBuilds\contiki\STM32_Nucleo_64\Release\core.a(syscalls_stm32.c.o)
                0x08001d20                _exit
 .text._kill    0x08001d30        0x2 C:\Users\sumas\AppData\Local\Temp\VMBuilds\contiki\STM32_Nucleo_64\Release\core.a(syscalls_stm32.c.o)
                0x08001d30                _kill
 .text._getpid  0x08001d32        0x6 C:\Users\sumas\AppData\Local\Temp\VMBuilds\contiki\STM32_Nucleo_64\Release\core.a(syscalls_stm32.c.o)
                0x08001d32                _getpid
 .text.pinMode  0x08001d38       0x74 C:\Users\sumas\AppData\Local\Temp\VMBuilds\contiki\STM32_Nucleo_64\Release\core.a(wiring_digital.c.o)
                0x08001d38                pinMode
 .text.get_pwm_channel
                0x08001dac       0x24 C:\Users\sumas\AppData\Local\Temp\VMBuilds\contiki\STM32_Nucleo_64\Release\core.a(analog.c.o)
 .text.HAL_TIM_PWM_MspDeInit
                0x08001dd0        0x4 C:\Users\sumas\AppData\Local\Temp\VMBuilds\contiki\STM32_Nucleo_64\Release\core.a(analog.c.o)
                0x08001dd0                HAL_TIM_PWM_MspDeInit
 .text.pwm_stop
                0x08001dd4       0x54 C:\Users\sumas\AppData\Local\Temp\VMBuilds\contiki\STM32_Nucleo_64\Release\core.a(analog.c.o)
                0x08001dd4                pwm_stop
 .text.SysTick_Handler
                0x08001e28        0xe C:\Users\sumas\AppData\Local\Temp\VMBuilds\contiki\STM32_Nucleo_64\Release\core.a(clock.c.o)
                0x08001e28                SysTick_Handler
 *fill*         0x08001e36        0x2 
 .text.digital_io_init
                0x08001e38       0x84 C:\Users\sumas\AppData\Local\Temp\VMBuilds\contiki\STM32_Nucleo_64\Release\core.a(digital_io.c.o)
                0x08001e38                digital_io_init
 .text.hw_config_init
                0x08001ebc        0xe C:\Users\sumas\AppData\Local\Temp\VMBuilds\contiki\STM32_Nucleo_64\Release\core.a(hw_config.c.o)
                0x08001ebc                hw_config_init
 .text.NMI_Handler
                0x08001eca        0x2 C:\Users\sumas\AppData\Local\Temp\VMBuilds\contiki\STM32_Nucleo_64\Release\core.a(hw_config.c.o)
                0x08001eca                NMI_Handler
 .text.HardFault_Handler
                0x08001ecc        0x2 C:\Users\sumas\AppData\Local\Temp\VMBuilds\contiki\STM32_Nucleo_64\Release\core.a(hw_config.c.o)
                0x08001ecc                HardFault_Handler
 .text.MemManage_Handler
                0x08001ece        0x2 C:\Users\sumas\AppData\Local\Temp\VMBuilds\contiki\STM32_Nucleo_64\Release\core.a(hw_config.c.o)
                0x08001ece                MemManage_Handler
 .text.BusFault_Handler
                0x08001ed0        0x2 C:\Users\sumas\AppData\Local\Temp\VMBuilds\contiki\STM32_Nucleo_64\Release\core.a(hw_config.c.o)
                0x08001ed0                BusFault_Handler
 .text.UsageFault_Handler
                0x08001ed2        0x2 C:\Users\sumas\AppData\Local\Temp\VMBuilds\contiki\STM32_Nucleo_64\Release\core.a(hw_config.c.o)
                0x08001ed2                UsageFault_Handler
 .text.DebugMon_Handler
                0x08001ed4        0x2 C:\Users\sumas\AppData\Local\Temp\VMBuilds\contiki\STM32_Nucleo_64\Release\core.a(hw_config.c.o)
                0x08001ed4                DebugMon_Handler
 *fill*         0x08001ed6        0x2 
 .text.HAL_GPIO_EXTI_Callback
                0x08001ed8       0x28 C:\Users\sumas\AppData\Local\Temp\VMBuilds\contiki\STM32_Nucleo_64\Release\core.a(interrupt.c.o)
                0x08001ed8                HAL_GPIO_EXTI_Callback
 .text.EXTI0_IRQHandler
                0x08001f00        0x6 C:\Users\sumas\AppData\Local\Temp\VMBuilds\contiki\STM32_Nucleo_64\Release\core.a(interrupt.c.o)
                0x08001f00                EXTI0_IRQHandler
 .text.EXTI1_IRQHandler
                0x08001f06        0x6 C:\Users\sumas\AppData\Local\Temp\VMBuilds\contiki\STM32_Nucleo_64\Release\core.a(interrupt.c.o)
                0x08001f06                EXTI1_IRQHandler
 .text.EXTI2_IRQHandler
                0x08001f0c        0x6 C:\Users\sumas\AppData\Local\Temp\VMBuilds\contiki\STM32_Nucleo_64\Release\core.a(interrupt.c.o)
                0x08001f0c                EXTI2_IRQHandler
 .text.EXTI3_IRQHandler
                0x08001f12        0x6 C:\Users\sumas\AppData\Local\Temp\VMBuilds\contiki\STM32_Nucleo_64\Release\core.a(interrupt.c.o)
                0x08001f12                EXTI3_IRQHandler
 .text.EXTI4_IRQHandler
                0x08001f18        0x6 C:\Users\sumas\AppData\Local\Temp\VMBuilds\contiki\STM32_Nucleo_64\Release\core.a(interrupt.c.o)
                0x08001f18                EXTI4_IRQHandler
 .text.EXTI9_5_IRQHandler
                0x08001f1e       0x16 C:\Users\sumas\AppData\Local\Temp\VMBuilds\contiki\STM32_Nucleo_64\Release\core.a(interrupt.c.o)
                0x08001f1e                EXTI9_5_IRQHandler
 .text.EXTI15_10_IRQHandler
                0x08001f34       0x18 C:\Users\sumas\AppData\Local\Temp\VMBuilds\contiki\STM32_Nucleo_64\Release\core.a(interrupt.c.o)
                0x08001f34                EXTI15_10_IRQHandler
 .text.is_pin_configured
                0x08001f4c       0x16 C:\Users\sumas\AppData\Local\Temp\VMBuilds\contiki\STM32_Nucleo_64\Release\core.a(PinConfigured.c.o)
                0x08001f4c                is_pin_configured
 .text.set_pin_configured
                0x08001f62       0x1a C:\Users\sumas\AppData\Local\Temp\VMBuilds\contiki\STM32_Nucleo_64\Release\core.a(PinConfigured.c.o)
                0x08001f62                set_pin_configured
 .text.reset_pin_configured
                0x08001f7c       0x1c C:\Users\sumas\AppData\Local\Temp\VMBuilds\contiki\STM32_Nucleo_64\Release\core.a(PinConfigured.c.o)
                0x08001f7c                reset_pin_configured
 .text.pinmap_find_peripheral
                0x08001f98       0x18 C:\Users\sumas\AppData\Local\Temp\VMBuilds\contiki\STM32_Nucleo_64\Release\core.a(pinmap.c.o)
                0x08001f98                pinmap_find_peripheral
 .text.pinmap_peripheral
                0x08001fb0        0xc C:\Users\sumas\AppData\Local\Temp\VMBuilds\contiki\STM32_Nucleo_64\Release\core.a(pinmap.c.o)
                0x08001fb0                pinmap_peripheral
 .text.pinmap_find_pin
                0x08001fbc       0x18 C:\Users\sumas\AppData\Local\Temp\VMBuilds\contiki\STM32_Nucleo_64\Release\core.a(pinmap.c.o)
                0x08001fbc                pinmap_find_pin
 .text.pinmap_pin
                0x08001fd4        0xc C:\Users\sumas\AppData\Local\Temp\VMBuilds\contiki\STM32_Nucleo_64\Release\core.a(pinmap.c.o)
                0x08001fd4                pinmap_pin
 .text.pinmap_find_function
                0x08001fe0       0x18 C:\Users\sumas\AppData\Local\Temp\VMBuilds\contiki\STM32_Nucleo_64\Release\core.a(pinmap.c.o)
                0x08001fe0                pinmap_find_function
 .text.pinmap_function
                0x08001ff8        0xa C:\Users\sumas\AppData\Local\Temp\VMBuilds\contiki\STM32_Nucleo_64\Release\core.a(pinmap.c.o)
                0x08001ff8                pinmap_function
 .text.pin_in_pinmap
                0x08002002       0x1e C:\Users\sumas\AppData\Local\Temp\VMBuilds\contiki\STM32_Nucleo_64\Release\core.a(pinmap.c.o)
                0x08002002                pin_in_pinmap
 .text.pinmap_merge_peripheral
                0x08002020       0x12 C:\Users\sumas\AppData\Local\Temp\VMBuilds\contiki\STM32_Nucleo_64\Release\core.a(pinmap.c.o)
                0x08002020                pinmap_merge_peripheral
 *fill*         0x08002032        0x2 
 .text.set_GPIO_Port_Clock
                0x08002034       0xa8 C:\Users\sumas\AppData\Local\Temp\VMBuilds\contiki\STM32_Nucleo_64\Release\core.a(PortNames.c.o)
                0x08002034                set_GPIO_Port_Clock
 .text.SystemInit
                0x080020dc       0x4c C:\Users\sumas\AppData\Local\Temp\VMBuilds\contiki\STM32_Nucleo_64\Release\core.a(system_stm32yyxx.c.o)
                0x080020dc                SystemInit
 .text.timer_disable_clock
                0x08002128       0x5c C:\Users\sumas\AppData\Local\Temp\VMBuilds\contiki\STM32_Nucleo_64\Release\core.a(timer.c.o)
                0x08002128                timer_disable_clock
 .text.HAL_TIM_OC_DelayElapsedCallback
                0x08002184       0x12 C:\Users\sumas\AppData\Local\Temp\VMBuilds\contiki\STM32_Nucleo_64\Release\core.a(timer.c.o)
                0x08002184                HAL_TIM_OC_DelayElapsedCallback
 .text.HAL_TIM_PeriodElapsedCallback
                0x08002196        0xc C:\Users\sumas\AppData\Local\Temp\VMBuilds\contiki\STM32_Nucleo_64\Release\core.a(timer.c.o)
                0x08002196                HAL_TIM_PeriodElapsedCallback
 *fill*         0x080021a2        0x2 
 .text.TIM1_UP_IRQHandler
                0x080021a4       0x10 C:\Users\sumas\AppData\Local\Temp\VMBuilds\contiki\STM32_Nucleo_64\Release\core.a(timer.c.o)
                0x080021a4                TIM1_UP_IRQHandler
 .text.TIM2_IRQHandler
                0x080021b4       0x10 C:\Users\sumas\AppData\Local\Temp\VMBuilds\contiki\STM32_Nucleo_64\Release\core.a(timer.c.o)
                0x080021b4                TIM2_IRQHandler
 .text.TIM3_IRQHandler
                0x080021c4       0x10 C:\Users\sumas\AppData\Local\Temp\VMBuilds\contiki\STM32_Nucleo_64\Release\core.a(timer.c.o)
                0x080021c4                TIM3_IRQHandler
 .text.TIM4_IRQHandler
                0x080021d4       0x10 C:\Users\sumas\AppData\Local\Temp\VMBuilds\contiki\STM32_Nucleo_64\Release\core.a(timer.c.o)
                0x080021d4                TIM4_IRQHandler
 .text.HAL_I2C_AddrCallback
                0x080021e4       0x46 C:\Users\sumas\AppData\Local\Temp\VMBuilds\contiki\STM32_Nucleo_64\Release\core.a(twi.c.o)
                0x080021e4                HAL_I2C_AddrCallback
 .text.HAL_I2C_ListenCpltCallback
                0x0800222a       0x2a C:\Users\sumas\AppData\Local\Temp\VMBuilds\contiki\STM32_Nucleo_64\Release\core.a(twi.c.o)
                0x0800222a                HAL_I2C_ListenCpltCallback
 .text.HAL_I2C_ErrorCallback
                0x08002254        0xc C:\Users\sumas\AppData\Local\Temp\VMBuilds\contiki\STM32_Nucleo_64\Release\core.a(twi.c.o)
                0x08002254                HAL_I2C_ErrorCallback
 .text.I2C1_EV_IRQHandler
                0x08002260        0xc C:\Users\sumas\AppData\Local\Temp\VMBuilds\contiki\STM32_Nucleo_64\Release\core.a(twi.c.o)
                0x08002260                I2C1_EV_IRQHandler
 .text.I2C1_ER_IRQHandler
                0x0800226c        0xc C:\Users\sumas\AppData\Local\Temp\VMBuilds\contiki\STM32_Nucleo_64\Release\core.a(twi.c.o)
                0x0800226c                I2C1_ER_IRQHandler
 .text.I2C2_EV_IRQHandler
                0x08002278        0xc C:\Users\sumas\AppData\Local\Temp\VMBuilds\contiki\STM32_Nucleo_64\Release\core.a(twi.c.o)
                0x08002278                I2C2_EV_IRQHandler
 .text.I2C2_ER_IRQHandler
                0x08002284        0xc C:\Users\sumas\AppData\Local\Temp\VMBuilds\contiki\STM32_Nucleo_64\Release\core.a(twi.c.o)
                0x08002284                I2C2_ER_IRQHandler
 .text.pin_SetF1AFPin
                0x08002290      0x1fc C:\Users\sumas\AppData\Local\Temp\VMBuilds\contiki\STM32_Nucleo_64\Release\core.a(uart.c.o)
 .text.uart_init
                0x0800248c      0x214 C:\Users\sumas\AppData\Local\Temp\VMBuilds\contiki\STM32_Nucleo_64\Release\core.a(uart.c.o)
                0x0800248c                uart_init
 .text.uart_debug_write
                0x080026a0       0x74 C:\Users\sumas\AppData\Local\Temp\VMBuilds\contiki\STM32_Nucleo_64\Release\core.a(uart.c.o)
                0x080026a0                uart_debug_write
 .text.serial_rx_active
                0x08002714       0x24 C:\Users\sumas\AppData\Local\Temp\VMBuilds\contiki\STM32_Nucleo_64\Release\core.a(uart.c.o)
                0x08002714                serial_rx_active
 .text.serial_tx_active
                0x08002738       0x24 C:\Users\sumas\AppData\Local\Temp\VMBuilds\contiki\STM32_Nucleo_64\Release\core.a(uart.c.o)
                0x08002738                serial_tx_active
 .text.uart_getc
                0x0800275c       0x38 C:\Users\sumas\AppData\Local\Temp\VMBuilds\contiki\STM32_Nucleo_64\Release\core.a(uart.c.o)
                0x0800275c                uart_getc
 .text.uart_attach_rx_callback
                0x08002794       0x58 C:\Users\sumas\AppData\Local\Temp\VMBuilds\contiki\STM32_Nucleo_64\Release\core.a(uart.c.o)
                0x08002794                uart_attach_rx_callback
 .text.uart_attach_tx_callback
                0x080027ec       0x58 C:\Users\sumas\AppData\Local\Temp\VMBuilds\contiki\STM32_Nucleo_64\Release\core.a(uart.c.o)
                0x080027ec                uart_attach_tx_callback
 .text.uart_index
                0x08002844       0x24 C:\Users\sumas\AppData\Local\Temp\VMBuilds\contiki\STM32_Nucleo_64\Release\core.a(uart.c.o)
                0x08002844                uart_index
 .text.HAL_UART_RxCpltCallback
                0x08002868       0x28 C:\Users\sumas\AppData\Local\Temp\VMBuilds\contiki\STM32_Nucleo_64\Release\core.a(uart.c.o)
                0x08002868                HAL_UART_RxCpltCallback
 .text.HAL_UART_TxCpltCallback
                0x08002890       0x4c C:\Users\sumas\AppData\Local\Temp\VMBuilds\contiki\STM32_Nucleo_64\Release\core.a(uart.c.o)
                0x08002890                HAL_UART_TxCpltCallback
 .text.HAL_UART_ErrorCallback
                0x080028dc       0x28 C:\Users\sumas\AppData\Local\Temp\VMBuilds\contiki\STM32_Nucleo_64\Release\core.a(uart.c.o)
                0x080028dc                HAL_UART_ErrorCallback
 .text.USART1_IRQHandler
                0x08002904       0x18 C:\Users\sumas\AppData\Local\Temp\VMBuilds\contiki\STM32_Nucleo_64\Release\core.a(uart.c.o)
                0x08002904                USART1_IRQHandler
 .text.USART2_IRQHandler
                0x0800291c       0x18 C:\Users\sumas\AppData\Local\Temp\VMBuilds\contiki\STM32_Nucleo_64\Release\core.a(uart.c.o)
                0x0800291c                USART2_IRQHandler
 .text.USART3_IRQHandler
                0x08002934       0x1c C:\Users\sumas\AppData\Local\Temp\VMBuilds\contiki\STM32_Nucleo_64\Release\core.a(uart.c.o)
                0x08002934                USART3_IRQHandler
 .text.HAL_MspInit
                0x08002950        0x2 C:\Users\sumas\AppData\Local\Temp\VMBuilds\contiki\STM32_Nucleo_64\Release\core.a(stm32yyxx_hal.c.o)
                0x08002950                HAL_MspInit
 *fill*         0x08002952        0x2 
 .text.HAL_InitTick
                0x08002954       0x28 C:\Users\sumas\AppData\Local\Temp\VMBuilds\contiki\STM32_Nucleo_64\Release\core.a(stm32yyxx_hal.c.o)
                0x08002954                HAL_InitTick
 .text.HAL_Init
                0x0800297c       0x24 C:\Users\sumas\AppData\Local\Temp\VMBuilds\contiki\STM32_Nucleo_64\Release\core.a(stm32yyxx_hal.c.o)
                0x0800297c                HAL_Init
 .text.HAL_IncTick
                0x080029a0       0x10 C:\Users\sumas\AppData\Local\Temp\VMBuilds\contiki\STM32_Nucleo_64\Release\core.a(stm32yyxx_hal.c.o)
                0x080029a0                HAL_IncTick
 .text.HAL_GetTick
                0x080029b0        0xc C:\Users\sumas\AppData\Local\Temp\VMBuilds\contiki\STM32_Nucleo_64\Release\core.a(stm32yyxx_hal.c.o)
                0x080029b0                HAL_GetTick
 .text.HAL_NVIC_SetPriorityGrouping
                0x080029bc       0x24 C:\Users\sumas\AppData\Local\Temp\VMBuilds\contiki\STM32_Nucleo_64\Release\core.a(stm32yyxx_hal_cortex.c.o)
                0x080029bc                HAL_NVIC_SetPriorityGrouping
 .text.HAL_NVIC_SetPriority
                0x080029e0       0x68 C:\Users\sumas\AppData\Local\Temp\VMBuilds\contiki\STM32_Nucleo_64\Release\core.a(stm32yyxx_hal_cortex.c.o)
                0x080029e0                HAL_NVIC_SetPriority
 .text.HAL_NVIC_EnableIRQ
                0x08002a48       0x18 C:\Users\sumas\AppData\Local\Temp\VMBuilds\contiki\STM32_Nucleo_64\Release\core.a(stm32yyxx_hal_cortex.c.o)
                0x08002a48                HAL_NVIC_EnableIRQ
 .text.HAL_SYSTICK_Config
                0x08002a60       0x2c C:\Users\sumas\AppData\Local\Temp\VMBuilds\contiki\STM32_Nucleo_64\Release\core.a(stm32yyxx_hal_cortex.c.o)
                0x08002a60                HAL_SYSTICK_Config
 .text.HAL_NVIC_ClearPendingIRQ
                0x08002a8c       0x1c C:\Users\sumas\AppData\Local\Temp\VMBuilds\contiki\STM32_Nucleo_64\Release\core.a(stm32yyxx_hal_cortex.c.o)
                0x08002a8c                HAL_NVIC_ClearPendingIRQ
 .text.HAL_SYSTICK_CLKSourceConfig
                0x08002aa8       0x18 C:\Users\sumas\AppData\Local\Temp\VMBuilds\contiki\STM32_Nucleo_64\Release\core.a(stm32yyxx_hal_cortex.c.o)
                0x08002aa8                HAL_SYSTICK_CLKSourceConfig
 .text.HAL_SYSTICK_IRQHandler
                0x08002ac0        0x8 C:\Users\sumas\AppData\Local\Temp\VMBuilds\contiki\STM32_Nucleo_64\Release\core.a(stm32yyxx_hal_cortex.c.o)
                0x08002ac0                HAL_SYSTICK_IRQHandler
 .text.HAL_DMA_Abort_IT
                0x08002ac8       0x90 C:\Users\sumas\AppData\Local\Temp\VMBuilds\contiki\STM32_Nucleo_64\Release\core.a(stm32yyxx_hal_dma.c.o)
                0x08002ac8                HAL_DMA_Abort_IT
 .text.FLASH_SetErrorCode
                0x08002b58       0x50 C:\Users\sumas\AppData\Local\Temp\VMBuilds\contiki\STM32_Nucleo_64\Release\core.a(stm32yyxx_hal_flash.c.o)
 .text.HAL_FLASH_Unlock
                0x08002ba8       0x24 C:\Users\sumas\AppData\Local\Temp\VMBuilds\contiki\STM32_Nucleo_64\Release\core.a(stm32yyxx_hal_flash.c.o)
                0x08002ba8                HAL_FLASH_Unlock
 .text.HAL_FLASH_Lock
                0x08002bcc       0x14 C:\Users\sumas\AppData\Local\Temp\VMBuilds\contiki\STM32_Nucleo_64\Release\core.a(stm32yyxx_hal_flash.c.o)
                0x08002bcc                HAL_FLASH_Lock
 .text.FLASH_WaitForLastOperation
                0x08002be0       0x54 C:\Users\sumas\AppData\Local\Temp\VMBuilds\contiki\STM32_Nucleo_64\Release\core.a(stm32yyxx_hal_flash.c.o)
                0x08002be0                FLASH_WaitForLastOperation
 .text.HAL_FLASH_Program
                0x08002c34       0x8c C:\Users\sumas\AppData\Local\Temp\VMBuilds\contiki\STM32_Nucleo_64\Release\core.a(stm32yyxx_hal_flash.c.o)
                0x08002c34                HAL_FLASH_Program
 .text.FLASH_MassErase.isra.0
                0x08002cc0       0x24 C:\Users\sumas\AppData\Local\Temp\VMBuilds\contiki\STM32_Nucleo_64\Release\core.a(stm32yyxx_hal_flash_ex.c.o)
 .text.FLASH_PageErase
                0x08002ce4       0x24 C:\Users\sumas\AppData\Local\Temp\VMBuilds\contiki\STM32_Nucleo_64\Release\core.a(stm32yyxx_hal_flash_ex.c.o)
                0x08002ce4                FLASH_PageErase
 .text.HAL_FLASHEx_Erase
                0x08002d08       0x9c C:\Users\sumas\AppData\Local\Temp\VMBuilds\contiki\STM32_Nucleo_64\Release\core.a(stm32yyxx_hal_flash_ex.c.o)
                0x08002d08                HAL_FLASHEx_Erase
 .text.HAL_GPIO_Init
                0x08002da4      0x1c0 C:\Users\sumas\AppData\Local\Temp\VMBuilds\contiki\STM32_Nucleo_64\Release\core.a(stm32yyxx_hal_gpio.c.o)
                0x08002da4                HAL_GPIO_Init
 .text.HAL_GPIO_EXTI_IRQHandler
                0x08002f64       0x18 C:\Users\sumas\AppData\Local\Temp\VMBuilds\contiki\STM32_Nucleo_64\Release\core.a(stm32yyxx_hal_gpio.c.o)
                0x08002f64                HAL_GPIO_EXTI_IRQHandler
 .text.HAL_I2C_Slave_Sequential_Transmit_IT
                0x08002f7c       0x78 C:\Users\sumas\AppData\Local\Temp\VMBuilds\contiki\STM32_Nucleo_64\Release\core.a(stm32yyxx_hal_i2c.c.o)
                0x08002f7c                HAL_I2C_Slave_Sequential_Transmit_IT
 .text.HAL_I2C_Slave_Sequential_Receive_IT
                0x08002ff4       0x78 C:\Users\sumas\AppData\Local\Temp\VMBuilds\contiki\STM32_Nucleo_64\Release\core.a(stm32yyxx_hal_i2c.c.o)
                0x08002ff4                HAL_I2C_Slave_Sequential_Receive_IT
 .text.HAL_I2C_EnableListen_IT
                0x0800306c       0x36 C:\Users\sumas\AppData\Local\Temp\VMBuilds\contiki\STM32_Nucleo_64\Release\core.a(stm32yyxx_hal_i2c.c.o)
                0x0800306c                HAL_I2C_EnableListen_IT
 .text.HAL_I2C_MasterTxCpltCallback
                0x080030a2        0x2 C:\Users\sumas\AppData\Local\Temp\VMBuilds\contiki\STM32_Nucleo_64\Release\core.a(stm32yyxx_hal_i2c.c.o)
                0x080030a2                HAL_I2C_MasterTxCpltCallback
 .text.HAL_I2C_MasterRxCpltCallback
                0x080030a4        0x2 C:\Users\sumas\AppData\Local\Temp\VMBuilds\contiki\STM32_Nucleo_64\Release\core.a(stm32yyxx_hal_i2c.c.o)
                0x080030a4                HAL_I2C_MasterRxCpltCallback
 .text.HAL_I2C_SlaveTxCpltCallback
                0x080030a6        0x2 C:\Users\sumas\AppData\Local\Temp\VMBuilds\contiki\STM32_Nucleo_64\Release\core.a(stm32yyxx_hal_i2c.c.o)
                0x080030a6                HAL_I2C_SlaveTxCpltCallback
 .text.HAL_I2C_SlaveRxCpltCallback
                0x080030a8        0x2 C:\Users\sumas\AppData\Local\Temp\VMBuilds\contiki\STM32_Nucleo_64\Release\core.a(stm32yyxx_hal_i2c.c.o)
                0x080030a8                HAL_I2C_SlaveRxCpltCallback
 .text.HAL_I2C_MemTxCpltCallback
                0x080030aa        0x2 C:\Users\sumas\AppData\Local\Temp\VMBuilds\contiki\STM32_Nucleo_64\Release\core.a(stm32yyxx_hal_i2c.c.o)
                0x080030aa                HAL_I2C_MemTxCpltCallback
 .text.HAL_I2C_MemRxCpltCallback
                0x080030ac        0x2 C:\Users\sumas\AppData\Local\Temp\VMBuilds\contiki\STM32_Nucleo_64\Release\core.a(stm32yyxx_hal_i2c.c.o)
                0x080030ac                HAL_I2C_MemRxCpltCallback
 .text.HAL_I2C_AbortCpltCallback
                0x080030ae        0x2 C:\Users\sumas\AppData\Local\Temp\VMBuilds\contiki\STM32_Nucleo_64\Release\core.a(stm32yyxx_hal_i2c.c.o)
                0x080030ae                HAL_I2C_AbortCpltCallback
 .text.I2C_ITError
                0x080030b0      0x128 C:\Users\sumas\AppData\Local\Temp\VMBuilds\contiki\STM32_Nucleo_64\Release\core.a(stm32yyxx_hal_i2c.c.o)
 .text.HAL_I2C_EV_IRQHandler
                0x080031d8      0x6d4 C:\Users\sumas\AppData\Local\Temp\VMBuilds\contiki\STM32_Nucleo_64\Release\core.a(stm32yyxx_hal_i2c.c.o)
                0x080031d8                HAL_I2C_EV_IRQHandler
 .text.HAL_I2C_ER_IRQHandler
                0x080038ac      0x13c C:\Users\sumas\AppData\Local\Temp\VMBuilds\contiki\STM32_Nucleo_64\Release\core.a(stm32yyxx_hal_i2c.c.o)
                0x080038ac                HAL_I2C_ER_IRQHandler
 .text.I2C_DMAAbort
                0x080039e8       0x4c C:\Users\sumas\AppData\Local\Temp\VMBuilds\contiki\STM32_Nucleo_64\Release\core.a(stm32yyxx_hal_i2c.c.o)
 .text.HAL_RCC_OscConfig
                0x08003a34      0x318 C:\Users\sumas\AppData\Local\Temp\VMBuilds\contiki\STM32_Nucleo_64\Release\core.a(stm32yyxx_hal_rcc.c.o)
                0x08003a34                HAL_RCC_OscConfig
 .text.HAL_RCC_GetSysClockFreq
                0x08003d4c       0x7c C:\Users\sumas\AppData\Local\Temp\VMBuilds\contiki\STM32_Nucleo_64\Release\core.a(stm32yyxx_hal_rcc.c.o)
                0x08003d4c                HAL_RCC_GetSysClockFreq
 .text.HAL_RCC_ClockConfig
                0x08003dc8      0x148 C:\Users\sumas\AppData\Local\Temp\VMBuilds\contiki\STM32_Nucleo_64\Release\core.a(stm32yyxx_hal_rcc.c.o)
                0x08003dc8                HAL_RCC_ClockConfig
 .text.HAL_RCC_GetHCLKFreq
                0x08003f10        0xc C:\Users\sumas\AppData\Local\Temp\VMBuilds\contiki\STM32_Nucleo_64\Release\core.a(stm32yyxx_hal_rcc.c.o)
                0x08003f10                HAL_RCC_GetHCLKFreq
 .text.HAL_RCC_GetPCLK1Freq
                0x08003f1c       0x20 C:\Users\sumas\AppData\Local\Temp\VMBuilds\contiki\STM32_Nucleo_64\Release\core.a(stm32yyxx_hal_rcc.c.o)
                0x08003f1c                HAL_RCC_GetPCLK1Freq
 .text.HAL_RCC_GetPCLK2Freq
                0x08003f3c       0x20 C:\Users\sumas\AppData\Local\Temp\VMBuilds\contiki\STM32_Nucleo_64\Release\core.a(stm32yyxx_hal_rcc.c.o)
                0x08003f3c                HAL_RCC_GetPCLK2Freq
 .text.HAL_RCCEx_PeriphCLKConfig
                0x08003f5c       0xf0 C:\Users\sumas\AppData\Local\Temp\VMBuilds\contiki\STM32_Nucleo_64\Release\core.a(stm32yyxx_hal_rcc_ex.c.o)
                0x08003f5c                HAL_RCCEx_PeriphCLKConfig
 .text.HAL_TIM_PWM_DeInit
                0x0800404c       0x3a C:\Users\sumas\AppData\Local\Temp\VMBuilds\contiki\STM32_Nucleo_64\Release\core.a(stm32yyxx_hal_tim.c.o)
                0x0800404c                HAL_TIM_PWM_DeInit
 .text.HAL_TIM_IC_CaptureCallback
                0x08004086        0x2 C:\Users\sumas\AppData\Local\Temp\VMBuilds\contiki\STM32_Nucleo_64\Release\core.a(stm32yyxx_hal_tim.c.o)
                0x08004086                HAL_TIM_IC_CaptureCallback
 .text.HAL_TIM_PWM_PulseFinishedCallback
                0x08004088        0x2 C:\Users\sumas\AppData\Local\Temp\VMBuilds\contiki\STM32_Nucleo_64\Release\core.a(stm32yyxx_hal_tim.c.o)
                0x08004088                HAL_TIM_PWM_PulseFinishedCallback
 .text.HAL_TIM_TriggerCallback
                0x0800408a        0x2 C:\Users\sumas\AppData\Local\Temp\VMBuilds\contiki\STM32_Nucleo_64\Release\core.a(stm32yyxx_hal_tim.c.o)
                0x0800408a                HAL_TIM_TriggerCallback
 .text.HAL_TIM_IRQHandler
                0x0800408c      0x144 C:\Users\sumas\AppData\Local\Temp\VMBuilds\contiki\STM32_Nucleo_64\Release\core.a(stm32yyxx_hal_tim.c.o)
                0x0800408c                HAL_TIM_IRQHandler
 .text.TIM_CCxChannelCmd
                0x080041d0       0x18 C:\Users\sumas\AppData\Local\Temp\VMBuilds\contiki\STM32_Nucleo_64\Release\core.a(stm32yyxx_hal_tim.c.o)
                0x080041d0                TIM_CCxChannelCmd
 .text.HAL_TIM_PWM_Stop
                0x080041e8       0x5c C:\Users\sumas\AppData\Local\Temp\VMBuilds\contiki\STM32_Nucleo_64\Release\core.a(stm32yyxx_hal_tim.c.o)
                0x080041e8                HAL_TIM_PWM_Stop
 .text.TIM_CCxNChannelCmd
                0x08004244       0x18 C:\Users\sumas\AppData\Local\Temp\VMBuilds\contiki\STM32_Nucleo_64\Release\core.a(stm32yyxx_hal_tim_ex.c.o)
 .text.HAL_TIMEx_OnePulseN_Stop
                0x0800425c       0x4a C:\Users\sumas\AppData\Local\Temp\VMBuilds\contiki\STM32_Nucleo_64\Release\core.a(stm32yyxx_hal_tim_ex.c.o)
                0x0800425c                HAL_TIMEx_OnePulseN_Stop
 .text.HAL_TIMEx_PWMN_Stop
                0x080042a6        0x4 C:\Users\sumas\AppData\Local\Temp\VMBuilds\contiki\STM32_Nucleo_64\Release\core.a(stm32yyxx_hal_tim_ex.c.o)
                0x080042a6                HAL_TIMEx_PWMN_Stop
 .text.HAL_TIMEx_CommutationCallback
                0x080042aa        0x2 C:\Users\sumas\AppData\Local\Temp\VMBuilds\contiki\STM32_Nucleo_64\Release\core.a(stm32yyxx_hal_tim_ex.c.o)
                0x080042aa                HAL_TIMEx_CommutationCallback
 .text.HAL_TIMEx_BreakCallback
                0x080042ac        0x2 C:\Users\sumas\AppData\Local\Temp\VMBuilds\contiki\STM32_Nucleo_64\Release\core.a(stm32yyxx_hal_tim_ex.c.o)
                0x080042ac                HAL_TIMEx_BreakCallback
 .text.UART_EndRxTransfer
                0x080042ae       0x1a C:\Users\sumas\AppData\Local\Temp\VMBuilds\contiki\STM32_Nucleo_64\Release\core.a(stm32yyxx_hal_uart.c.o)
 .text.UART_SetConfig
                0x080042c8      0x13c C:\Users\sumas\AppData\Local\Temp\VMBuilds\contiki\STM32_Nucleo_64\Release\core.a(stm32yyxx_hal_uart.c.o)
 .text.UART_WaitOnFlagUntilTimeout.constprop.3
                0x08004404       0x50 C:\Users\sumas\AppData\Local\Temp\VMBuilds\contiki\STM32_Nucleo_64\Release\core.a(stm32yyxx_hal_uart.c.o)
 .text.HAL_UART_MspInit
                0x08004454        0x2 C:\Users\sumas\AppData\Local\Temp\VMBuilds\contiki\STM32_Nucleo_64\Release\core.a(stm32yyxx_hal_uart.c.o)
                0x08004454                HAL_UART_MspInit
 .text.HAL_UART_Init
                0x08004456       0x5c C:\Users\sumas\AppData\Local\Temp\VMBuilds\contiki\STM32_Nucleo_64\Release\core.a(stm32yyxx_hal_uart.c.o)
                0x08004456                HAL_UART_Init
 .text.HAL_UART_Transmit
                0x080044b2       0xb8 C:\Users\sumas\AppData\Local\Temp\VMBuilds\contiki\STM32_Nucleo_64\Release\core.a(stm32yyxx_hal_uart.c.o)
                0x080044b2                HAL_UART_Transmit
 .text.HAL_UART_Transmit_IT
                0x0800456a       0x3e C:\Users\sumas\AppData\Local\Temp\VMBuilds\contiki\STM32_Nucleo_64\Release\core.a(stm32yyxx_hal_uart.c.o)
                0x0800456a                HAL_UART_Transmit_IT
 .text.HAL_UART_Receive_IT
                0x080045a8       0x4e C:\Users\sumas\AppData\Local\Temp\VMBuilds\contiki\STM32_Nucleo_64\Release\core.a(stm32yyxx_hal_uart.c.o)
                0x080045a8                HAL_UART_Receive_IT
 .text.UART_Receive_IT
                0x080045f6       0x7c C:\Users\sumas\AppData\Local\Temp\VMBuilds\contiki\STM32_Nucleo_64\Release\core.a(stm32yyxx_hal_uart.c.o)
 *fill*         0x08004672        0x2 
 .text.HAL_UART_IRQHandler
                0x08004674      0x140 C:\Users\sumas\AppData\Local\Temp\VMBuilds\contiki\STM32_Nucleo_64\Release\core.a(stm32yyxx_hal_uart.c.o)
                0x08004674                HAL_UART_IRQHandler
 .text.UART_DMAAbortOnError
                0x080047b4       0x10 C:\Users\sumas\AppData\Local\Temp\VMBuilds\contiki\STM32_Nucleo_64\Release\core.a(stm32yyxx_hal_uart.c.o)
 .text.HAL_UART_GetState
                0x080047c4        0xc C:\Users\sumas\AppData\Local\Temp\VMBuilds\contiki\STM32_Nucleo_64\Release\core.a(stm32yyxx_hal_uart.c.o)
                0x080047c4                HAL_UART_GetState
 .text._ZN14HardwareSerial16_tx_complete_irqEP8serial_s
                0x080047d0       0x24 C:\Users\sumas\AppData\Local\Temp\VMBuilds\contiki\STM32_Nucleo_64\Release\core.a(HardwareSerial.cpp.o)
                0x080047d0                HardwareSerial::_tx_complete_irq(serial_s*)
 .text._ZN14HardwareSerial9availableEv
                0x080047f4       0x10 C:\Users\sumas\AppData\Local\Temp\VMBuilds\contiki\STM32_Nucleo_64\Release\core.a(HardwareSerial.cpp.o)
                0x080047f4                HardwareSerial::available()
 .text._ZN14HardwareSerial4peekEv
                0x08004804       0x1a C:\Users\sumas\AppData\Local\Temp\VMBuilds\contiki\STM32_Nucleo_64\Release\core.a(HardwareSerial.cpp.o)
                0x08004804                HardwareSerial::peek()
 .text._ZN14HardwareSerial4readEv
                0x0800481e       0x28 C:\Users\sumas\AppData\Local\Temp\VMBuilds\contiki\STM32_Nucleo_64\Release\core.a(HardwareSerial.cpp.o)
                0x0800481e                HardwareSerial::read()
 .text._ZN14HardwareSerial16_rx_complete_irqEP8serial_s
                0x08004846       0x38 C:\Users\sumas\AppData\Local\Temp\VMBuilds\contiki\STM32_Nucleo_64\Release\core.a(HardwareSerial.cpp.o)
                0x08004846                HardwareSerial::_rx_complete_irq(serial_s*)
 *fill*         0x0800487e        0x2 
 .text._ZN14HardwareSerial5writeEh
                0x08004880       0x40 C:\Users\sumas\AppData\Local\Temp\VMBuilds\contiki\STM32_Nucleo_64\Release\core.a(HardwareSerial.cpp.o)
                0x08004880                HardwareSerial::write(unsigned char)
 .text._ZN14HardwareSerial5flushEv
                0x080048c0       0x14 C:\Users\sumas\AppData\Local\Temp\VMBuilds\contiki\STM32_Nucleo_64\Release\core.a(HardwareSerial.cpp.o)
                0x080048c0                HardwareSerial::flush()
 .text._Z14serialEventRunv
                0x080048d4       0x1c C:\Users\sumas\AppData\Local\Temp\VMBuilds\contiki\STM32_Nucleo_64\Release\core.a(HardwareSerial.cpp.o)
                0x080048d4                serialEventRun()
 .text._ZN14HardwareSerial4initEv
                0x080048f0       0x24 C:\Users\sumas\AppData\Local\Temp\VMBuilds\contiki\STM32_Nucleo_64\Release\core.a(HardwareSerial.cpp.o)
                0x080048f0                HardwareSerial::init()
 .text._ZN14HardwareSerialC2EPv
                0x08004914       0x60 C:\Users\sumas\AppData\Local\Temp\VMBuilds\contiki\STM32_Nucleo_64\Release\core.a(HardwareSerial.cpp.o)
                0x08004914                HardwareSerial::HardwareSerial(void*)
                0x08004914                HardwareSerial::HardwareSerial(void*)
 .text._ZN14HardwareSerial5beginEmh
                0x08004974       0x98 C:\Users\sumas\AppData\Local\Temp\VMBuilds\contiki\STM32_Nucleo_64\Release\core.a(HardwareSerial.cpp.o)
                0x08004974                HardwareSerial::begin(unsigned long, unsigned char)
 .text.startup._GLOBAL__sub_I_Serial2
                0x08004a0c       0x10 C:\Users\sumas\AppData\Local\Temp\VMBuilds\contiki\STM32_Nucleo_64\Release\core.a(HardwareSerial.cpp.o)
 .text._Z11initVariantv
                0x08004a1c        0x2 C:\Users\sumas\AppData\Local\Temp\VMBuilds\contiki\STM32_Nucleo_64\Release\core.a(main.cpp.o)
                0x08004a1c                initVariant()
 .text.startup._Z7premainv
                0x08004a1e        0x4 C:\Users\sumas\AppData\Local\Temp\VMBuilds\contiki\STM32_Nucleo_64\Release\core.a(main.cpp.o)
                0x08004a1e                premain()
 *fill*         0x08004a22        0x2 
 .text.startup.main
                0x08004a24       0x20 C:\Users\sumas\AppData\Local\Temp\VMBuilds\contiki\STM32_Nucleo_64\Release\core.a(main.cpp.o)
                0x08004a24                main
 .text._ZN5Print5writeEPKhj
                0x08004a44       0x2c C:\Users\sumas\AppData\Local\Temp\VMBuilds\contiki\STM32_Nucleo_64\Release\core.a(Print.cpp.o)
                0x08004a44                Print::write(unsigned char const*, unsigned int)
 .text._ZN5Print5writeEPKc
                0x08004a70       0x20 C:\Users\sumas\AppData\Local\Temp\VMBuilds\contiki\STM32_Nucleo_64\Release\core.a(Print.cpp.o)
                0x08004a70                Print::write(char const*)
 .text._ZN5Print5printEPKc
                0x08004a90        0x8 C:\Users\sumas\AppData\Local\Temp\VMBuilds\contiki\STM32_Nucleo_64\Release\core.a(Print.cpp.o)
                0x08004a90                Print::print(char const*)
 .text._ZN5Print5printEc
                0x08004a98        0x6 C:\Users\sumas\AppData\Local\Temp\VMBuilds\contiki\STM32_Nucleo_64\Release\core.a(Print.cpp.o)
                0x08004a98                Print::print(char)
 *fill*         0x08004a9e        0x2 
 .text._ZN5Print7printlnEv
                0x08004aa0       0x10 C:\Users\sumas\AppData\Local\Temp\VMBuilds\contiki\STM32_Nucleo_64\Release\core.a(Print.cpp.o)
                0x08004aa0                Print::println()
 .text._ZN5Print11printNumberEmh
                0x08004ab0       0x3e C:\Users\sumas\AppData\Local\Temp\VMBuilds\contiki\STM32_Nucleo_64\Release\core.a(Print.cpp.o)
                0x08004ab0                Print::printNumber(unsigned long, unsigned char)
 .text._ZN5Print5printEli
                0x08004aee       0x44 C:\Users\sumas\AppData\Local\Temp\VMBuilds\contiki\STM32_Nucleo_64\Release\core.a(Print.cpp.o)
                0x08004aee                Print::print(long, int)
 .text._ZN5Print5printEii
                0x08004b32        0x4 C:\Users\sumas\AppData\Local\Temp\VMBuilds\contiki\STM32_Nucleo_64\Release\core.a(Print.cpp.o)
                0x08004b32                Print::print(int, int)
 .text._ZN5Print5printEmi
                0x08004b36       0x16 C:\Users\sumas\AppData\Local\Temp\VMBuilds\contiki\STM32_Nucleo_64\Release\core.a(Print.cpp.o)
                0x08004b36                Print::print(unsigned long, int)
 .text._ZN5Print5printEhi
                0x08004b4c        0x4 C:\Users\sumas\AppData\Local\Temp\VMBuilds\contiki\STM32_Nucleo_64\Release\core.a(Print.cpp.o)
                0x08004b4c                Print::print(unsigned char, int)
 .text.__assert_func
                0x08004b50       0x3c c:/users/sumas/appdata/local/arduino15/packages/stm32/tools/arm-none-eabi-gcc/6-2017-q2-update/bin/../lib/gcc/arm-none-eabi/6.3.1/../../../../arm-none-eabi/lib/thumb/v7-m\libc_nano.a(lib_a-assert.o)
                0x08004b50                __assert_func
 .text.fprintf  0x08004b8c       0x24 c:/users/sumas/appdata/local/arduino15/packages/stm32/tools/arm-none-eabi-gcc/6-2017-q2-update/bin/../lib/gcc/arm-none-eabi/6.3.1/../../../../arm-none-eabi/lib/thumb/v7-m\libc_nano.a(lib_a-fprintf.o)
                0x08004b8c                fiprintf
                0x08004b8c                fprintf
 .text.__libc_init_array
                0x08004bb0       0x48 c:/users/sumas/appdata/local/arduino15/packages/stm32/tools/arm-none-eabi-gcc/6-2017-q2-update/bin/../lib/gcc/arm-none-eabi/6.3.1/../../../../arm-none-eabi/lib/thumb/v7-m\libc_nano.a(lib_a-init.o)
                0x08004bb0                __libc_init_array
 .text.malloc   0x08004bf8       0x10 c:/users/sumas/appdata/local/arduino15/packages/stm32/tools/arm-none-eabi-gcc/6-2017-q2-update/bin/../lib/gcc/arm-none-eabi/6.3.1/../../../../arm-none-eabi/lib/thumb/v7-m\libc_nano.a(lib_a-malloc.o)
                0x08004bf8                malloc
 .text.memcpy   0x08004c08       0x16 c:/users/sumas/appdata/local/arduino15/packages/stm32/tools/arm-none-eabi-gcc/6-2017-q2-update/bin/../lib/gcc/arm-none-eabi/6.3.1/../../../../arm-none-eabi/lib/thumb/v7-m\libc_nano.a(lib_a-memcpy-stub.o)
                0x08004c08                memcpy
 .text.memset   0x08004c1e       0x10 c:/users/sumas/appdata/local/arduino15/packages/stm32/tools/arm-none-eabi-gcc/6-2017-q2-update/bin/../lib/gcc/arm-none-eabi/6.3.1/../../../../arm-none-eabi/lib/thumb/v7-m\libc_nano.a(lib_a-memset.o)
                0x08004c1e                memset
 *fill*         0x08004c2e        0x2 
 .text._free_r  0x08004c30       0x98 c:/users/sumas/appdata/local/arduino15/packages/stm32/tools/arm-none-eabi-gcc/6-2017-q2-update/bin/../lib/gcc/arm-none-eabi/6.3.1/../../../../arm-none-eabi/lib/thumb/v7-m\libc_nano.a(lib_a-nano-freer.o)
                0x08004c30                _free_r
 .text._malloc_r
                0x08004cc8       0xbc c:/users/sumas/appdata/local/arduino15/packages/stm32/tools/arm-none-eabi-gcc/6-2017-q2-update/bin/../lib/gcc/arm-none-eabi/6.3.1/../../../../arm-none-eabi/lib/thumb/v7-m\libc_nano.a(lib_a-nano-mallocr.o)
                0x08004cc8                _malloc_r
 .text.__sfputc_r
                0x08004d84       0x2c c:/users/sumas/appdata/local/arduino15/packages/stm32/tools/arm-none-eabi-gcc/6-2017-q2-update/bin/../lib/gcc/arm-none-eabi/6.3.1/../../../../arm-none-eabi/lib/thumb/v7-m\libc_nano.a(lib_a-nano-vfprintf.o)
 .text.__sfputs_r
                0x08004db0       0x24 c:/users/sumas/appdata/local/arduino15/packages/stm32/tools/arm-none-eabi-gcc/6-2017-q2-update/bin/../lib/gcc/arm-none-eabi/6.3.1/../../../../arm-none-eabi/lib/thumb/v7-m\libc_nano.a(lib_a-nano-vfprintf.o)
                0x08004db0                __sfputs_r
 .text._vfprintf_r
                0x08004dd4      0x22c c:/users/sumas/appdata/local/arduino15/packages/stm32/tools/arm-none-eabi-gcc/6-2017-q2-update/bin/../lib/gcc/arm-none-eabi/6.3.1/../../../../arm-none-eabi/lib/thumb/v7-m\libc_nano.a(lib_a-nano-vfprintf.o)
                0x08004dd4                _vfprintf_r
                0x08004dd4                _vfiprintf_r
 .text._printf_common
                0x08005000       0xee c:/users/sumas/appdata/local/arduino15/packages/stm32/tools/arm-none-eabi-gcc/6-2017-q2-update/bin/../lib/gcc/arm-none-eabi/6.3.1/../../../../arm-none-eabi/lib/thumb/v7-m\libc_nano.a(lib_a-nano-vfprintf_i.o)
                0x08005000                _printf_common
 *fill*         0x080050ee        0x2 
 .text._printf_i
                0x080050f0      0x240 c:/users/sumas/appdata/local/arduino15/packages/stm32/tools/arm-none-eabi-gcc/6-2017-q2-update/bin/../lib/gcc/arm-none-eabi/6.3.1/../../../../arm-none-eabi/lib/thumb/v7-m\libc_nano.a(lib_a-nano-vfprintf_i.o)
                0x080050f0                _printf_i
 .text.printf   0x08005330       0x30 c:/users/sumas/appdata/local/arduino15/packages/stm32/tools/arm-none-eabi-gcc/6-2017-q2-update/bin/../lib/gcc/arm-none-eabi/6.3.1/../../../../arm-none-eabi/lib/thumb/v7-m\libc_nano.a(lib_a-printf.o)
                0x08005330                iprintf
                0x08005330                printf
 .text.rand     0x08005360       0x74 c:/users/sumas/appdata/local/arduino15/packages/stm32/tools/arm-none-eabi-gcc/6-2017-q2-update/bin/../lib/gcc/arm-none-eabi/6.3.1/../../../../arm-none-eabi/lib/thumb/v7-m\libc_nano.a(lib_a-rand.o)
                0x08005360                rand
 .text._sbrk_r  0x080053d4       0x20 c:/users/sumas/appdata/local/arduino15/packages/stm32/tools/arm-none-eabi-gcc/6-2017-q2-update/bin/../lib/gcc/arm-none-eabi/6.3.1/../../../../arm-none-eabi/lib/thumb/v7-m\libc_nano.a(lib_a-sbrkr.o)
                0x080053d4                _sbrk_r
 .text.strncpy  0x080053f4       0x2a c:/users/sumas/appdata/local/arduino15/packages/stm32/tools/arm-none-eabi-gcc/6-2017-q2-update/bin/../lib/gcc/arm-none-eabi/6.3.1/../../../../arm-none-eabi/lib/thumb/v7-m\libc_nano.a(lib_a-strncpy.o)
                0x080053f4                strncpy
 *fill*         0x0800541e        0x2 
 .text.__swbuf_r
                0x08005420       0xa4 c:/users/sumas/appdata/local/arduino15/packages/stm32/tools/arm-none-eabi-gcc/6-2017-q2-update/bin/../lib/gcc/arm-none-eabi/6.3.1/../../../../arm-none-eabi/lib/thumb/v7-m\libc_nano.a(lib_a-wbuf.o)
                0x08005420                __swbuf_r
 .text.__swsetup_r
                0x080054c4       0xdc c:/users/sumas/appdata/local/arduino15/packages/stm32/tools/arm-none-eabi-gcc/6-2017-q2-update/bin/../lib/gcc/arm-none-eabi/6.3.1/../../../../arm-none-eabi/lib/thumb/v7-m\libc_nano.a(lib_a-wsetup.o)
                0x080054c4                __swsetup_r
 .text.abort    0x080055a0        0xe c:/users/sumas/appdata/local/arduino15/packages/stm32/tools/arm-none-eabi-gcc/6-2017-q2-update/bin/../lib/gcc/arm-none-eabi/6.3.1/../../../../arm-none-eabi/lib/thumb/v7-m\libc_nano.a(lib_a-abort.o)
                0x080055a0                abort
 *fill*         0x080055ae        0x2 
 .text.__sflush_r
                0x080055b0      0x110 c:/users/sumas/appdata/local/arduino15/packages/stm32/tools/arm-none-eabi-gcc/6-2017-q2-update/bin/../lib/gcc/arm-none-eabi/6.3.1/../../../../arm-none-eabi/lib/thumb/v7-m\libc_nano.a(lib_a-fflush.o)
                0x080055b0                __sflush_r
 .text._fflush_r
                0x080056c0       0x54 c:/users/sumas/appdata/local/arduino15/packages/stm32/tools/arm-none-eabi-gcc/6-2017-q2-update/bin/../lib/gcc/arm-none-eabi/6.3.1/../../../../arm-none-eabi/lib/thumb/v7-m\libc_nano.a(lib_a-fflush.o)
                0x080056c0                _fflush_r
 .text._cleanup_r
                0x08005714        0xc c:/users/sumas/appdata/local/arduino15/packages/stm32/tools/arm-none-eabi-gcc/6-2017-q2-update/bin/../lib/gcc/arm-none-eabi/6.3.1/../../../../arm-none-eabi/lib/thumb/v7-m\libc_nano.a(lib_a-findfp.o)
                0x08005714                _cleanup_r
 .text.std.isra.0
                0x08005720       0x48 c:/users/sumas/appdata/local/arduino15/packages/stm32/tools/arm-none-eabi-gcc/6-2017-q2-update/bin/../lib/gcc/arm-none-eabi/6.3.1/../../../../arm-none-eabi/lib/thumb/v7-m\libc_nano.a(lib_a-findfp.o)
 .text.__sfmoreglue
                0x08005768       0x2c c:/users/sumas/appdata/local/arduino15/packages/stm32/tools/arm-none-eabi-gcc/6-2017-q2-update/bin/../lib/gcc/arm-none-eabi/6.3.1/../../../../arm-none-eabi/lib/thumb/v7-m\libc_nano.a(lib_a-findfp.o)
                0x08005768                __sfmoreglue
 .text.__sinit  0x08005794       0x60 c:/users/sumas/appdata/local/arduino15/packages/stm32/tools/arm-none-eabi-gcc/6-2017-q2-update/bin/../lib/gcc/arm-none-eabi/6.3.1/../../../../arm-none-eabi/lib/thumb/v7-m\libc_nano.a(lib_a-findfp.o)
                0x08005794                __sinit
 .text.__sfp    0x080057f4       0x78 c:/users/sumas/appdata/local/arduino15/packages/stm32/tools/arm-none-eabi-gcc/6-2017-q2-update/bin/../lib/gcc/arm-none-eabi/6.3.1/../../../../arm-none-eabi/lib/thumb/v7-m\libc_nano.a(lib_a-findfp.o)
                0x080057f4                __sfp
 .text._fwalk_reent
                0x0800586c       0x3c c:/users/sumas/appdata/local/arduino15/packages/stm32/tools/arm-none-eabi-gcc/6-2017-q2-update/bin/../lib/gcc/arm-none-eabi/6.3.1/../../../../arm-none-eabi/lib/thumb/v7-m\libc_nano.a(lib_a-fwalk.o)
                0x0800586c                _fwalk_reent
 .text.__swhatbuf_r
                0x080058a8       0x48 c:/users/sumas/appdata/local/arduino15/packages/stm32/tools/arm-none-eabi-gcc/6-2017-q2-update/bin/../lib/gcc/arm-none-eabi/6.3.1/../../../../arm-none-eabi/lib/thumb/v7-m\libc_nano.a(lib_a-makebuf.o)
                0x080058a8                __swhatbuf_r
 .text.__smakebuf_r
                0x080058f0       0x80 c:/users/sumas/appdata/local/arduino15/packages/stm32/tools/arm-none-eabi-gcc/6-2017-q2-update/bin/../lib/gcc/arm-none-eabi/6.3.1/../../../../arm-none-eabi/lib/thumb/v7-m\libc_nano.a(lib_a-makebuf.o)
                0x080058f0                __smakebuf_r
 .text.memchr   0x08005970       0x1c c:/users/sumas/appdata/local/arduino15/packages/stm32/tools/arm-none-eabi-gcc/6-2017-q2-update/bin/../lib/gcc/arm-none-eabi/6.3.1/../../../../arm-none-eabi/lib/thumb/v7-m\libc_nano.a(lib_a-memchr-stub.o)
                0x08005970                memchr
 .text.__malloc_lock
                0x0800598c        0x2 c:/users/sumas/appdata/local/arduino15/packages/stm32/tools/arm-none-eabi-gcc/6-2017-q2-update/bin/../lib/gcc/arm-none-eabi/6.3.1/../../../../arm-none-eabi/lib/thumb/v7-m\libc_nano.a(lib_a-mlock.o)
                0x0800598c                __malloc_lock
 .text.__malloc_unlock
                0x0800598e        0x2 c:/users/sumas/appdata/local/arduino15/packages/stm32/tools/arm-none-eabi-gcc/6-2017-q2-update/bin/../lib/gcc/arm-none-eabi/6.3.1/../../../../arm-none-eabi/lib/thumb/v7-m\libc_nano.a(lib_a-mlock.o)
                0x0800598e                __malloc_unlock
 .text._raise_r
                0x08005990       0x50 c:/users/sumas/appdata/local/arduino15/packages/stm32/tools/arm-none-eabi-gcc/6-2017-q2-update/bin/../lib/gcc/arm-none-eabi/6.3.1/../../../../arm-none-eabi/lib/thumb/v7-m\libc_nano.a(lib_a-signal.o)
                0x08005990                _raise_r
 .text.raise    0x080059e0       0x10 c:/users/sumas/appdata/local/arduino15/packages/stm32/tools/arm-none-eabi-gcc/6-2017-q2-update/bin/../lib/gcc/arm-none-eabi/6.3.1/../../../../arm-none-eabi/lib/thumb/v7-m\libc_nano.a(lib_a-signal.o)
                0x080059e0                raise
 .text._kill_r  0x080059f0       0x24 c:/users/sumas/appdata/local/arduino15/packages/stm32/tools/arm-none-eabi-gcc/6-2017-q2-update/bin/../lib/gcc/arm-none-eabi/6.3.1/../../../../arm-none-eabi/lib/thumb/v7-m\libc_nano.a(lib_a-signalr.o)
                0x080059f0                _kill_r
 .text._getpid_r
                0x08005a14        0x4 c:/users/sumas/appdata/local/arduino15/packages/stm32/tools/arm-none-eabi-gcc/6-2017-q2-update/bin/../lib/gcc/arm-none-eabi/6.3.1/../../../../arm-none-eabi/lib/thumb/v7-m\libc_nano.a(lib_a-signalr.o)
                0x08005a14                _getpid_r
 .text.__sread  0x08005a18       0x22 c:/users/sumas/appdata/local/arduino15/packages/stm32/tools/arm-none-eabi-gcc/6-2017-q2-update/bin/../lib/gcc/arm-none-eabi/6.3.1/../../../../arm-none-eabi/lib/thumb/v7-m\libc_nano.a(lib_a-stdio.o)
                0x08005a18                __sread
 .text.__swrite
                0x08005a3a       0x38 c:/users/sumas/appdata/local/arduino15/packages/stm32/tools/arm-none-eabi-gcc/6-2017-q2-update/bin/../lib/gcc/arm-none-eabi/6.3.1/../../../../arm-none-eabi/lib/thumb/v7-m\libc_nano.a(lib_a-stdio.o)
                0x08005a3a                __swrite
 .text.__sseek  0x08005a72       0x24 c:/users/sumas/appdata/local/arduino15/packages/stm32/tools/arm-none-eabi-gcc/6-2017-q2-update/bin/../lib/gcc/arm-none-eabi/6.3.1/../../../../arm-none-eabi/lib/thumb/v7-m\libc_nano.a(lib_a-stdio.o)
                0x08005a72                __sseek
 .text.__sclose
                0x08005a96        0x8 c:/users/sumas/appdata/local/arduino15/packages/stm32/tools/arm-none-eabi-gcc/6-2017-q2-update/bin/../lib/gcc/arm-none-eabi/6.3.1/../../../../arm-none-eabi/lib/thumb/v7-m\libc_nano.a(lib_a-stdio.o)
                0x08005a96                __sclose
 *fill*         0x08005a9e        0x2 
 .text._write_r
                0x08005aa0       0x24 c:/users/sumas/appdata/local/arduino15/packages/stm32/tools/arm-none-eabi-gcc/6-2017-q2-update/bin/../lib/gcc/arm-none-eabi/6.3.1/../../../../arm-none-eabi/lib/thumb/v7-m\libc_nano.a(lib_a-writer.o)
                0x08005aa0                _write_r
 .text._close_r
                0x08005ac4       0x20 c:/users/sumas/appdata/local/arduino15/packages/stm32/tools/arm-none-eabi-gcc/6-2017-q2-update/bin/../lib/gcc/arm-none-eabi/6.3.1/../../../../arm-none-eabi/lib/thumb/v7-m\libc_nano.a(lib_a-closer.o)
                0x08005ac4                _close_r
 .text._fstat_r
                0x08005ae4       0x24 c:/users/sumas/appdata/local/arduino15/packages/stm32/tools/arm-none-eabi-gcc/6-2017-q2-update/bin/../lib/gcc/arm-none-eabi/6.3.1/../../../../arm-none-eabi/lib/thumb/v7-m\libc_nano.a(lib_a-fstatr.o)
                0x08005ae4                _fstat_r
 .text._isatty_r
                0x08005b08       0x20 c:/users/sumas/appdata/local/arduino15/packages/stm32/tools/arm-none-eabi-gcc/6-2017-q2-update/bin/../lib/gcc/arm-none-eabi/6.3.1/../../../../arm-none-eabi/lib/thumb/v7-m\libc_nano.a(lib_a-isattyr.o)
                0x08005b08                _isatty_r
 .text._lseek_r
                0x08005b28       0x24 c:/users/sumas/appdata/local/arduino15/packages/stm32/tools/arm-none-eabi-gcc/6-2017-q2-update/bin/../lib/gcc/arm-none-eabi/6.3.1/../../../../arm-none-eabi/lib/thumb/v7-m\libc_nano.a(lib_a-lseekr.o)
                0x08005b28                _lseek_r
 .text._read_r  0x08005b4c       0x24 c:/users/sumas/appdata/local/arduino15/packages/stm32/tools/arm-none-eabi-gcc/6-2017-q2-update/bin/../lib/gcc/arm-none-eabi/6.3.1/../../../../arm-none-eabi/lib/thumb/v7-m\libc_nano.a(lib_a-readr.o)
                0x08005b4c                _read_r
 *(.glue_7)
 .glue_7        0x08005b70        0x0 linker stubs
 *(.glue_7t)
 .glue_7t       0x08005b70        0x0 linker stubs
 *(.eh_frame)
 .eh_frame      0x08005b70        0x0 c:/users/sumas/appdata/local/arduino15/packages/stm32/tools/arm-none-eabi-gcc/6-2017-q2-update/bin/../lib/gcc/arm-none-eabi/6.3.1/thumb/v7-m/crtbegin.o
 *(.init)
 .init          0x08005b70        0x4 c:/users/sumas/appdata/local/arduino15/packages/stm32/tools/arm-none-eabi-gcc/6-2017-q2-update/bin/../lib/gcc/arm-none-eabi/6.3.1/thumb/v7-m/crti.o
                0x08005b70                _init
 .init          0x08005b74        0x8 c:/users/sumas/appdata/local/arduino15/packages/stm32/tools/arm-none-eabi-gcc/6-2017-q2-update/bin/../lib/gcc/arm-none-eabi/6.3.1/thumb/v7-m/crtn.o
 *(.fini)
 .fini          0x08005b7c        0x4 c:/users/sumas/appdata/local/arduino15/packages/stm32/tools/arm-none-eabi-gcc/6-2017-q2-update/bin/../lib/gcc/arm-none-eabi/6.3.1/thumb/v7-m/crti.o
                0x08005b7c                _fini
 .fini          0x08005b80        0x8 c:/users/sumas/appdata/local/arduino15/packages/stm32/tools/arm-none-eabi-gcc/6-2017-q2-update/bin/../lib/gcc/arm-none-eabi/6.3.1/thumb/v7-m/crtn.o
                0x08005b88                . = ALIGN (0x4)
                0x08005b88                _etext = .

.vfp11_veneer   0x08005b88        0x0
 .vfp11_veneer  0x08005b88        0x0 linker stubs

.v4_bx          0x08005b88        0x0
 .v4_bx         0x08005b88        0x0 linker stubs

.iplt           0x08005b88        0x0
 .iplt          0x08005b88        0x0 c:/users/sumas/appdata/local/arduino15/packages/stm32/tools/arm-none-eabi-gcc/6-2017-q2-update/bin/../lib/gcc/arm-none-eabi/6.3.1/thumb/v7-m/crtbegin.o

.rodata         0x08005b88      0x704
                0x08005b88                . = ALIGN (0x4)
 *(.rodata)
 .rodata        0x08005b88       0x10 C:\Users\sumas\AppData\Local\Temp\VMBuilds\contiki\STM32_Nucleo_64\Release\core.a(stm32yyxx_hal_rcc.c.o)
 *(.rodata*)
 .rodata._ZL12print_resultPKci.str1.1
                0x08005b98       0x17 C:\Users\sumas\AppData\Local\Temp\VMBuilds\contiki\STM32_Nucleo_64\Release\contiki.cpp.o
 .rodata._ZL18coffee_test_appendv.str1.1
                0x08005baf        0x8 C:\Users\sumas\AppData\Local\Temp\VMBuilds\contiki\STM32_Nucleo_64\Release\contiki.cpp.o
 .rodata._ZL33process_thread_testcoffee_processP2pthPv.str1.1
                0x08005bb7       0xb9 C:\Users\sumas\AppData\Local\Temp\VMBuilds\contiki\STM32_Nucleo_64\Release\contiki.cpp.o
                                 0xbb (size before relaxing)
 .rodata.str1.1
                0x08005c70       0x18 C:\Users\sumas\AppData\Local\Temp\VMBuilds\contiki\STM32_Nucleo_64\Release\contiki.cpp.o
 .rodata.str1.1
                0x08005c88        0xc C:\Users\sumas\AppData\Local\Temp\VMBuilds\contiki\STM32_Nucleo_64\Release\etimer.cpp.o
 .rodata._Z17cfs_coffee_formatv.str1.1
                0x08005c94       0x28 C:\Users\sumas\AppData\Local\Temp\VMBuilds\contiki\STM32_Nucleo_64\Release\cfs\cfs-coffee.cpp.o
 .rodata._Z8cfs_openPKci.str1.1
                0x08005cbc       0x33 C:\Users\sumas\AppData\Local\Temp\VMBuilds\contiki\STM32_Nucleo_64\Release\cfs\cfs-coffee.cpp.o
 .rodata._Z9cfs_writeiPKvj.str1.1
                0x08005cef       0x6e C:\Users\sumas\AppData\Local\Temp\VMBuilds\contiki\STM32_Nucleo_64\Release\cfs\cfs-coffee.cpp.o
                                 0x78 (size before relaxing)
 .rodata._ZL7reservePKcmij.str1.1
                0x08005d5d       0xe1 C:\Users\sumas\AppData\Local\Temp\VMBuilds\contiki\STM32_Nucleo_64\Release\cfs\cfs-coffee.cpp.o
                                 0xee (size before relaxing)
 *fill*         0x08005e3e        0x2 
 .rodata.PinMap_PWM
                0x08005e40      0x150 C:\Users\sumas\AppData\Local\Temp\VMBuilds\contiki\STM32_Nucleo_64\Release\variant\PeripheralPins.c.o
                0x08005e40                PinMap_PWM
 .rodata.PinMap_UART_RX
                0x08005f90       0x48 C:\Users\sumas\AppData\Local\Temp\VMBuilds\contiki\STM32_Nucleo_64\Release\variant\PeripheralPins.c.o
                0x08005f90                PinMap_UART_RX
 .rodata.PinMap_UART_TX
                0x08005fd8       0x48 C:\Users\sumas\AppData\Local\Temp\VMBuilds\contiki\STM32_Nucleo_64\Release\variant\PeripheralPins.c.o
                0x08005fd8                PinMap_UART_TX
 .rodata.digitalPin
                0x08006020       0x3c C:\Users\sumas\AppData\Local\Temp\VMBuilds\contiki\STM32_Nucleo_64\Release\variant\variant.cpp.o
                0x08006020                digitalPin
 .rodata._exit.str1.1
                0x0800605c       0x19 C:\Users\sumas\AppData\Local\Temp\VMBuilds\contiki\STM32_Nucleo_64\Release\core.a(syscalls_stm32.c.o)
 .rodata.CSWTCH.15
                0x08006075        0x3 C:\Users\sumas\AppData\Local\Temp\VMBuilds\contiki\STM32_Nucleo_64\Release\core.a(analog.c.o)
 .rodata.AHBPrescTable
                0x08006078       0x10 C:\Users\sumas\AppData\Local\Temp\VMBuilds\contiki\STM32_Nucleo_64\Release\core.a(system_stm32yyxx.c.o)
                0x08006078                AHBPrescTable
 .rodata.APBPrescTable
                0x08006088        0x8 C:\Users\sumas\AppData\Local\Temp\VMBuilds\contiki\STM32_Nucleo_64\Release\core.a(system_stm32yyxx.c.o)
                0x08006088                APBPrescTable
 .rodata.uart_init.str1.1
                0x08006090       0x4b C:\Users\sumas\AppData\Local\Temp\VMBuilds\contiki\STM32_Nucleo_64\Release\core.a(uart.c.o)
 .rodata.CSWTCH.25
                0x080060db        0x5 C:\Users\sumas\AppData\Local\Temp\VMBuilds\contiki\STM32_Nucleo_64\Release\core.a(HardwareSerial.cpp.o)
 .rodata._ZN14HardwareSerial5beginEmh.str1.1
                0x080060e0       0x7d C:\Users\sumas\AppData\Local\Temp\VMBuilds\contiki\STM32_Nucleo_64\Release\core.a(HardwareSerial.cpp.o)
 *fill*         0x0800615d        0x3 
 .rodata._ZTV14HardwareSerial
                0x08006160       0x20 C:\Users\sumas\AppData\Local\Temp\VMBuilds\contiki\STM32_Nucleo_64\Release\core.a(HardwareSerial.cpp.o)
                0x08006160                vtable for HardwareSerial
 .rodata._ZZN14HardwareSerial5beginEmhE19__PRETTY_FUNCTION__
                0x08006180       0x34 C:\Users\sumas\AppData\Local\Temp\VMBuilds\contiki\STM32_Nucleo_64\Release\core.a(HardwareSerial.cpp.o)
 .rodata._ZN5Print7printlnEv.str1.1
                0x080061b4        0x3 C:\Users\sumas\AppData\Local\Temp\VMBuilds\contiki\STM32_Nucleo_64\Release\core.a(Print.cpp.o)
 .rodata.__assert_func.str1.1
                0x080061b7       0x3c c:/users/sumas/appdata/local/arduino15/packages/stm32/tools/arm-none-eabi-gcc/6-2017-q2-update/bin/../lib/gcc/arm-none-eabi/6.3.1/../../../../arm-none-eabi/lib/thumb/v7-m\libc_nano.a(lib_a-assert.o)
                                 0x3d (size before relaxing)
 *fill*         0x080061f3        0x1 
 .rodata._global_impure_ptr
                0x080061f4        0x4 c:/users/sumas/appdata/local/arduino15/packages/stm32/tools/arm-none-eabi-gcc/6-2017-q2-update/bin/../lib/gcc/arm-none-eabi/6.3.1/../../../../arm-none-eabi/lib/thumb/v7-m\libc_nano.a(lib_a-impure.o)
                0x080061f4                _global_impure_ptr
 .rodata._vfprintf_r.str1.1
                0x080061f8       0x11 c:/users/sumas/appdata/local/arduino15/packages/stm32/tools/arm-none-eabi-gcc/6-2017-q2-update/bin/../lib/gcc/arm-none-eabi/6.3.1/../../../../arm-none-eabi/lib/thumb/v7-m\libc_nano.a(lib_a-nano-vfprintf.o)
 .rodata._printf_i.str1.1
                0x08006209       0x22 c:/users/sumas/appdata/local/arduino15/packages/stm32/tools/arm-none-eabi-gcc/6-2017-q2-update/bin/../lib/gcc/arm-none-eabi/6.3.1/../../../../arm-none-eabi/lib/thumb/v7-m\libc_nano.a(lib_a-nano-vfprintf_i.o)
 *fill*         0x0800622b        0x1 
 .rodata.__sf_fake_stderr
                0x0800622c       0x20 c:/users/sumas/appdata/local/arduino15/packages/stm32/tools/arm-none-eabi-gcc/6-2017-q2-update/bin/../lib/gcc/arm-none-eabi/6.3.1/../../../../arm-none-eabi/lib/thumb/v7-m\libc_nano.a(lib_a-findfp.o)
                0x0800622c                __sf_fake_stderr
 .rodata.__sf_fake_stdin
                0x0800624c       0x20 c:/users/sumas/appdata/local/arduino15/packages/stm32/tools/arm-none-eabi-gcc/6-2017-q2-update/bin/../lib/gcc/arm-none-eabi/6.3.1/../../../../arm-none-eabi/lib/thumb/v7-m\libc_nano.a(lib_a-findfp.o)
                0x0800624c                __sf_fake_stdin
 .rodata.__sf_fake_stdout
                0x0800626c       0x20 c:/users/sumas/appdata/local/arduino15/packages/stm32/tools/arm-none-eabi-gcc/6-2017-q2-update/bin/../lib/gcc/arm-none-eabi/6.3.1/../../../../arm-none-eabi/lib/thumb/v7-m\libc_nano.a(lib_a-findfp.o)
                0x0800626c                __sf_fake_stdout
                0x0800628c                . = ALIGN (0x4)

.rel.dyn        0x0800628c        0x0
 .rel.iplt      0x0800628c        0x0 c:/users/sumas/appdata/local/arduino15/packages/stm32/tools/arm-none-eabi-gcc/6-2017-q2-update/bin/../lib/gcc/arm-none-eabi/6.3.1/thumb/v7-m/crtbegin.o

.ARM.extab
 *(.ARM.extab* .gnu.linkonce.armextab.*)

.ARM            0x0800628c        0x0
                0x0800628c                __exidx_start = .
 *(.ARM.exidx*)
                0x0800628c                __exidx_end = .

.preinit_array  0x0800628c        0x0
                0x0800628c                PROVIDE (__preinit_array_start, .)
 *(.preinit_array*)
                0x0800628c                PROVIDE (__preinit_array_end, .)

.init_array     0x0800628c       0x10
                0x0800628c                PROVIDE (__init_array_start, .)
 *(SORT(.init_array.*))
 .init_array.00101
                0x0800628c        0x4 C:\Users\sumas\AppData\Local\Temp\VMBuilds\contiki\STM32_Nucleo_64\Release\core.a(main.cpp.o)
 *(.init_array*)
 .init_array    0x08006290        0x4 c:/users/sumas/appdata/local/arduino15/packages/stm32/tools/arm-none-eabi-gcc/6-2017-q2-update/bin/../lib/gcc/arm-none-eabi/6.3.1/thumb/v7-m/crtbegin.o
 .init_array    0x08006294        0x4 C:\Users\sumas\AppData\Local\Temp\VMBuilds\contiki\STM32_Nucleo_64\Release\SPI\SPI.cpp.o
 .init_array    0x08006298        0x4 C:\Users\sumas\AppData\Local\Temp\VMBuilds\contiki\STM32_Nucleo_64\Release\core.a(HardwareSerial.cpp.o)
                0x0800629c                PROVIDE (__init_array_end, .)

.fini_array     0x0800629c        0x4
                [!provide]                PROVIDE (__fini_array_start, .)
 *(SORT(.fini_array.*))
 *(.fini_array*)
 .fini_array    0x0800629c        0x4 c:/users/sumas/appdata/local/arduino15/packages/stm32/tools/arm-none-eabi-gcc/6-2017-q2-update/bin/../lib/gcc/arm-none-eabi/6.3.1/thumb/v7-m/crtbegin.o
                [!provide]                PROVIDE (__fini_array_end, .)
                0x080062a0                _sidata = LOADADDR (.data)

.data           0x20000000      0x150 load address 0x080062a0
                0x20000000                . = ALIGN (0x4)
                0x20000000                _sdata = .
 *(.data)
 *(.data*)
 .data.autostart_processes
                0x20000000        0x8 C:\Users\sumas\AppData\Local\Temp\VMBuilds\contiki\STM32_Nucleo_64\Release\contiki.cpp.o
                0x20000000                autostart_processes
 .data.testcoffee_process
                0x20000008       0x10 C:\Users\sumas\AppData\Local\Temp\VMBuilds\contiki\STM32_Nucleo_64\Release\contiki.cpp.o
                0x20000008                testcoffee_process
 .data.etimer_process
                0x20000018       0x10 C:\Users\sumas\AppData\Local\Temp\VMBuilds\contiki\STM32_Nucleo_64\Release\etimer.cpp.o
                0x20000018                etimer_process
 .data.gpio_irq_conf
                0x20000028       0xc0 C:\Users\sumas\AppData\Local\Temp\VMBuilds\contiki\STM32_Nucleo_64\Release\core.a(interrupt.c.o)
 .data.SystemCoreClock
                0x200000e8        0x4 C:\Users\sumas\AppData\Local\Temp\VMBuilds\contiki\STM32_Nucleo_64\Release\core.a(system_stm32yyxx.c.o)
                0x200000e8                SystemCoreClock
 .data._impure_ptr
                0x200000ec        0x4 c:/users/sumas/appdata/local/arduino15/packages/stm32/tools/arm-none-eabi-gcc/6-2017-q2-update/bin/../lib/gcc/arm-none-eabi/6.3.1/../../../../arm-none-eabi/lib/thumb/v7-m\libc_nano.a(lib_a-impure.o)
                0x200000ec                _impure_ptr
 .data.impure_data
                0x200000f0       0x60 c:/users/sumas/appdata/local/arduino15/packages/stm32/tools/arm-none-eabi-gcc/6-2017-q2-update/bin/../lib/gcc/arm-none-eabi/6.3.1/../../../../arm-none-eabi/lib/thumb/v7-m\libc_nano.a(lib_a-impure.o)
                0x20000150                . = ALIGN (0x4)
                0x20000150                _edata = .

.jcr            0x20000150        0x0 load address 0x080063f0
 .jcr           0x20000150        0x0 c:/users/sumas/appdata/local/arduino15/packages/stm32/tools/arm-none-eabi-gcc/6-2017-q2-update/bin/../lib/gcc/arm-none-eabi/6.3.1/thumb/v7-m/crtbegin.o

.igot.plt       0x20000150        0x0 load address 0x080063f0
 .igot.plt      0x20000150        0x0 c:/users/sumas/appdata/local/arduino15/packages/stm32/tools/arm-none-eabi-gcc/6-2017-q2-update/bin/../lib/gcc/arm-none-eabi/6.3.1/thumb/v7-m/crtbegin.o
                0x20000150                . = ALIGN (0x4)

.bss            0x20000150      0x574 load address 0x080063f0
                0x20000150                _sbss = .
                0x20000150                __bss_start__ = _sbss
 *(.bss)
 .bss           0x20000150       0x1c c:/users/sumas/appdata/local/arduino15/packages/stm32/tools/arm-none-eabi-gcc/6-2017-q2-update/bin/../lib/gcc/arm-none-eabi/6.3.1/thumb/v7-m/crtbegin.o
 *(.bss*)
 .bss._ZL5count
                0x2000016c        0x4 C:\Users\sumas\AppData\Local\Temp\VMBuilds\contiki\STM32_Nucleo_64\Release\clock.cpp.o
 .bss._ZL6scount
                0x20000170        0x4 C:\Users\sumas\AppData\Local\Temp\VMBuilds\contiki\STM32_Nucleo_64\Release\clock.cpp.o
 .bss._ZL7seconds
                0x20000174        0x4 C:\Users\sumas\AppData\Local\Temp\VMBuilds\contiki\STM32_Nucleo_64\Release\clock.cpp.o
 .bss._ZL15next_expiration
                0x20000178        0x4 C:\Users\sumas\AppData\Local\Temp\VMBuilds\contiki\STM32_Nucleo_64\Release\etimer.cpp.o
 .bss._ZL9timerlist
                0x2000017c        0x4 C:\Users\sumas\AppData\Local\Temp\VMBuilds\contiki\STM32_Nucleo_64\Release\etimer.cpp.o
 .bss._ZL14poll_requested
                0x20000180        0x1 C:\Users\sumas\AppData\Local\Temp\VMBuilds\contiki\STM32_Nucleo_64\Release\process.cpp.o
 *fill*         0x20000181        0x3 
 .bss._ZL6events
                0x20000184      0x180 C:\Users\sumas\AppData\Local\Temp\VMBuilds\contiki\STM32_Nucleo_64\Release\process.cpp.o
 .bss._ZL6fevent
                0x20000304        0x1 C:\Users\sumas\AppData\Local\Temp\VMBuilds\contiki\STM32_Nucleo_64\Release\process.cpp.o
 .bss._ZL7nevents
                0x20000305        0x1 C:\Users\sumas\AppData\Local\Temp\VMBuilds\contiki\STM32_Nucleo_64\Release\process.cpp.o
 .bss._ZL9lastevent
                0x20000306        0x1 C:\Users\sumas\AppData\Local\Temp\VMBuilds\contiki\STM32_Nucleo_64\Release\process.cpp.o
 *fill*         0x20000307        0x1 
 .bss._ZZL8do_eventvE1p
                0x20000308        0x4 C:\Users\sumas\AppData\Local\Temp\VMBuilds\contiki\STM32_Nucleo_64\Release\process.cpp.o
 .bss._ZZL8do_eventvE2ev
                0x2000030c        0x1 C:\Users\sumas\AppData\Local\Temp\VMBuilds\contiki\STM32_Nucleo_64\Release\process.cpp.o
 *fill*         0x2000030d        0x3 
 .bss._ZZL8do_eventvE4data
                0x20000310        0x4 C:\Users\sumas\AppData\Local\Temp\VMBuilds\contiki\STM32_Nucleo_64\Release\process.cpp.o
 .bss.process_current
                0x20000314        0x4 C:\Users\sumas\AppData\Local\Temp\VMBuilds\contiki\STM32_Nucleo_64\Release\process.cpp.o
                0x20000314                process_current
 .bss.process_list
                0x20000318        0x4 C:\Users\sumas\AppData\Local\Temp\VMBuilds\contiki\STM32_Nucleo_64\Release\process.cpp.o
                0x20000318                process_list
 .bss._ZL12coffee_files
                0x2000031c       0x80 C:\Users\sumas\AppData\Local\Temp\VMBuilds\contiki\STM32_Nucleo_64\Release\cfs\cfs-coffee.cpp.o
 .bss._ZL13coffee_fd_set
                0x2000039c       0x60 C:\Users\sumas\AppData\Local\Temp\VMBuilds\contiki\STM32_Nucleo_64\Release\cfs\cfs-coffee.cpp.o
 .bss._ZL7gc_wait
                0x200003fc        0x1 C:\Users\sumas\AppData\Local\Temp\VMBuilds\contiki\STM32_Nucleo_64\Release\cfs\cfs-coffee.cpp.o
 *fill*         0x200003fd        0x3 
 .bss._ZL9next_free
                0x20000400        0x4 C:\Users\sumas\AppData\Local\Temp\VMBuilds\contiki\STM32_Nucleo_64\Release\cfs\cfs-coffee.cpp.o
 .bss._ZZL17get_sector_statusmP13sector_statusE10skip_pages
                0x20000404        0x4 C:\Users\sumas\AppData\Local\Temp\VMBuilds\contiki\STM32_Nucleo_64\Release\cfs\cfs-coffee.cpp.o
 .bss._ZZL17get_sector_statusmP13sector_statusE21last_pages_are_active
                0x20000408        0x1 C:\Users\sumas\AppData\Local\Temp\VMBuilds\contiki\STM32_Nucleo_64\Release\cfs\cfs-coffee.cpp.o
 *fill*         0x20000409        0x3 
 .bss.SPI       0x2000040c       0x94 C:\Users\sumas\AppData\Local\Temp\VMBuilds\contiki\STM32_Nucleo_64\Release\SPI\SPI.cpp.o
                0x2000040c                SPI
 .bss.heap.9627
                0x200004a0        0x4 C:\Users\sumas\AppData\Local\Temp\VMBuilds\contiki\STM32_Nucleo_64\Release\core.a(syscalls_stm32.c.o)
 .bss.g_anOutputPinConfigured
                0x200004a4       0x14 C:\Users\sumas\AppData\Local\Temp\VMBuilds\contiki\STM32_Nucleo_64\Release\core.a(wiring_analog.c.o)
                0x200004a4                g_anOutputPinConfigured
 .bss.g_digPinConfigured
                0x200004b8       0x14 C:\Users\sumas\AppData\Local\Temp\VMBuilds\contiki\STM32_Nucleo_64\Release\core.a(wiring_digital.c.o)
                0x200004b8                g_digPinConfigured
 .bss.timer_handles
                0x200004cc       0x58 C:\Users\sumas\AppData\Local\Temp\VMBuilds\contiki\STM32_Nucleo_64\Release\core.a(timer.c.o)
 .bss.i2c_handles
                0x20000524        0x8 C:\Users\sumas\AppData\Local\Temp\VMBuilds\contiki\STM32_Nucleo_64\Release\core.a(twi.c.o)
 .bss.rx_callback
                0x2000052c       0x14 C:\Users\sumas\AppData\Local\Temp\VMBuilds\contiki\STM32_Nucleo_64\Release\core.a(uart.c.o)
 .bss.rx_callback_obj
                0x20000540       0x14 C:\Users\sumas\AppData\Local\Temp\VMBuilds\contiki\STM32_Nucleo_64\Release\core.a(uart.c.o)
 .bss.tx_callback
                0x20000554       0x14 C:\Users\sumas\AppData\Local\Temp\VMBuilds\contiki\STM32_Nucleo_64\Release\core.a(uart.c.o)
 .bss.tx_callback_obj
                0x20000568       0x14 C:\Users\sumas\AppData\Local\Temp\VMBuilds\contiki\STM32_Nucleo_64\Release\core.a(uart.c.o)
 .bss.uart_handlers
                0x2000057c       0x14 C:\Users\sumas\AppData\Local\Temp\VMBuilds\contiki\STM32_Nucleo_64\Release\core.a(uart.c.o)
 .bss.Serial2   0x20000590      0x100 C:\Users\sumas\AppData\Local\Temp\VMBuilds\contiki\STM32_Nucleo_64\Release\core.a(HardwareSerial.cpp.o)
                0x20000590                Serial2
 .bss.__malloc_free_list
                0x20000690        0x4 c:/users/sumas/appdata/local/arduino15/packages/stm32/tools/arm-none-eabi-gcc/6-2017-q2-update/bin/../lib/gcc/arm-none-eabi/6.3.1/../../../../arm-none-eabi/lib/thumb/v7-m\libc_nano.a(lib_a-nano-mallocr.o)
                0x20000690                __malloc_free_list
 .bss.__malloc_sbrk_start
                0x20000694        0x4 c:/users/sumas/appdata/local/arduino15/packages/stm32/tools/arm-none-eabi-gcc/6-2017-q2-update/bin/../lib/gcc/arm-none-eabi/6.3.1/../../../../arm-none-eabi/lib/thumb/v7-m\libc_nano.a(lib_a-nano-mallocr.o)
                0x20000694                __malloc_sbrk_start
 *(COMMON)
 COMMON         0x20000698        0x4 C:\Users\sumas\AppData\Local\Temp\VMBuilds\contiki\STM32_Nucleo_64\Release\core.a(stm32yyxx_hal.c.o)
                0x20000698                uwTick
 *fill*         0x2000069c        0x4 
 COMMON         0x200006a0       0x20 C:\Users\sumas\AppData\Local\Temp\VMBuilds\contiki\STM32_Nucleo_64\Release\core.a(stm32yyxx_hal_flash.c.o)
                0x200006a0                pFlash
 COMMON         0x200006c0        0x4 c:/users/sumas/appdata/local/arduino15/packages/stm32/tools/arm-none-eabi-gcc/6-2017-q2-update/bin/../lib/gcc/arm-none-eabi/6.3.1/../../../../arm-none-eabi/lib/thumb/v7-m\libc_nano.a(lib_a-reent.o)
                0x200006c0                errno
                0x200006c4                . = ALIGN (0x4)
                0x200006c4                _ebss = .
                0x200006c4                __bss_end__ = _ebss

._user_heap_stack
                0x200006c4      0x600 load address 0x080063f0
                0x200006c4                . = ALIGN (0x4)
                [!provide]                PROVIDE (end, .)
                0x200006c4                PROVIDE (_end, .)
                0x200008c4                . = (. + _Min_Heap_Size)
 *fill*         0x200006c4      0x200 
                0x20000cc4                . = (. + _Min_Stack_Size)
 *fill*         0x200008c4      0x400 
                0x20000cc4                . = ALIGN (0x4)

/DISCARD/
 libc.a(*)
 libm.a(*)
 libgcc.a(*)

.ARM.attributes
                0x00000000       0x29
 *(.ARM.attributes)
 .ARM.attributes
                0x00000000       0x1d c:/users/sumas/appdata/local/arduino15/packages/stm32/tools/arm-none-eabi-gcc/6-2017-q2-update/bin/../lib/gcc/arm-none-eabi/6.3.1/thumb/v7-m/crti.o
 .ARM.attributes